[   0.000] Iitliing ro subyspuet
  0.0000] Intilizing grp ubsycp
[    00000 Iniiazig ccoususys uat
[  00000] nu versin 4.0-116-generic (bild@gw1-amd6-01)(gc vesi 54.0 0160 (Ubnt5..0-6un1~1604)  #140-UbutuMPMon b 1221:2:0UT 201(Untu 4..016140-enic4.4.)[   0.000] Cmmd ine: BOTMAE=/botmlnuz-.4-16-geerc oot=AB=coudmgrofs r csoe=tycosolety
[   0.000] KERNEL supported cpus:
[    0.000000]   Intel GenuineIntel
[    .00000]   AMD AuthenticAMD
[    0.000000]   Centaur CentaurHauls
[    0.000000] x86/fpu: xstate_offset[2]:  576, xstate_sizes[2]:  256
[    0.000000] x86/fpu: Supporting XSAV feature 0x01: 'x87 floatingpont registers'
[    0.000000] x86/fpu: Supporting XSAVE feature 0x02: 'SSE registers'
[   .000000] x86/fpu: Supporting XSAVE feature 0x04: 'AVX registers'
[    0.000000] x86/fpu: Enabled xstate features 0x7, context size is 832 bytes, using 'standard' format
[   0.000000] x86/fpu: Using 'lazy' FPU context switches.
[    0.000000] e820: BIOS-provided physical RAM map:
[    0.000000] BIOS-e820: [mem 0x0000000000000000-0x000000000009fbff] uable
[    0.000000] BIOS-e820 [mem 0x000000000009fc00-00000000009ffff] reserved
[   .000000] BIOS-e820: [mem 0x00000000000f0000-0x00000000000fffff] reserved
[    0.000000] BIOS-e820: [mem 0x0000000000100000-0x00000007fffff] usable
[    0.00000] BOS-e820: [mem 0x000000007fff0000-0x000000007fffffff] ACPI data
[   .00000] BIOS-e820: [mem 0x00000000fec00000-0x00000000fec00fff] reserved
[    0.000000] IOS-e20 [mem 0x00000000fee00000-0x00000000fee00fff] reserved
[    0.000000] BIOS-e820: [mem 0x0000000ff0000-0x00000000ffffffff] reserved
[    0.000000] NX (Execute Disable) protection: active
[    0.000000] SMBIOS 2.5 present.
[    0.000000] Hypervisor detected: KVM
[    0.00000]e820 last_pfn = 0x7fff0max_arh_pfn  0x40000000
[    0.000000] MTRR: Disabled
[   0.000000] x86/PAT: MTRRs disabled, sipping AT initializion oo.[   .00000 CU TRRsalblnk - vrtlize ste.
[  00000] 6/AT: nfuraton0-7]: B T UC- UCWBWT  UC- U  
[    0.000000] found SMP MP-table at [mem 0x0009fff0-0x0009ffff] mapped at [ffff88000009fff0]
[    0.000000 Scanning 1 areas for low memor corruption
[    0.000000] RAMDISK: [mem 0x36ac2000-0x37558fff]
[    0.0000] ACPI: Early table checksum verification disabled
[    0.000000] ACPI: RSDP 0x00000000000E0000 000024 (v02 VBOX  )
[    0.000000] ACPI: XSDT 0x000000007FFF0030 00003C (v01 VBOX   VBOXXDT 00000001 ASL  00000061)
[    0.00000] ACPI: FACP 0x000000007FFF00F0 0000F4 (v04 VBOX   VBOXFCP0000001 ASL  00000061)
[    0.000000] CP DSDT 0x000000007FFF0470 0021FF (v02 VBOX  BOBIOS 0000002 NT 2100528)
[    0.000000] ACPI: FACS 0x000000007FFF0200 000040
[    0.000000] ACPI: FACS 0x000000007FFF0200 000040
[    0.000000] ACPI: APIC 0x000007FFF0240 00005C (v02 VBOX   VBOXAPIC 0000001AS  000006
    .000] AC: DT 0000007FFF2A001CC v0VBX   VBOXPU000000IN 201008)
[  000000] NoNU confgutin fond[   0.000] Fki anodeatmem 0x0000000000000x000007fefff]
[   00000]NO_DTA(0 aocted [mem 0x7ffeb000-0x7ffeffff]
[    0.000000] kvm-clock: Using msrs 4b564d01 and 4b564d00
[    0.000000] kvm-clock: cpu 0, msr 0:7ffe3001, primay u clck[    0.0000 kvm-coc: using sched ffset of3279871 ycs
[   000000] ocource:kvclck: as 0ffffffffffffmacyles 01c42e4dffb, max_idle_ns: 881590591483 ns
[    0.00000]Zone ranges:
[    0.000000]   DMA      [mem 0x0000000000001000-0x0000000000ffffff]
[    0.000000]   DMA32    [mem 0x0000000001000000-0x000000007ffeffff]
[    0.00000]  Normal   empty
[   0.000000]   Device   empty
[    0.000000] Movable zone start for each node
[    0.000000] Early memory node ranges
[    0.000000]   node   0: [mem 0x0000000000001000-0x000000000009efff]
[    0.000000]   node   0: [mem 0x0000000000100000-0x000000007ffeffff]
[    0.000000] Initmem setup node 0 [mem 0x0000000000001000-0x000000007ffffff]
[    0.000000] ACPI: PM-Timer IO Port: 0x4008
[    0.000000] IOAPIC[0]:apic_i 2,version 32, address 0xfec00000, GSI 0-23
[    0.000000] ACPI: INT_SRC_OVR (bus 0 bus_rq0 globl_rq2 dfl dfl)
[    0.000000] ACPI: INT_SRC_OVR (bus 0 usirq 9 lol_irq 9 low level)
[    0.000000] Using ACPI (MADT) for SMP configuration information
[    0.000000] smpboot: Allowing 2 CPUs, 0 hotplug CPUs
[    0.000000] PM: Registered nosave memory: [mem 0x00000000-0x00000fff]
[    0.000000] PM: Registered nosave memory: [mem 0x0009f000-0x0009ffff]
[    0.000000] PM: Registered nosave memory: [mem 0x000a0000-0x000fff]
[    0.00000] M:Registered nosave memory: [mem 0x000f00000x00fff]
[    .00000] e820: [mem 0x80000000-0xfebfffff] available for PCI devices
[    0.000000] Booting paravirtualized kernel on KVM
[    0.000000] clcksource: refined-jiffies: mask: 0ffffff mx_cles 0fffff, maide_ns 7451900211568 ns
[   .000000]setup_percpu: NR_CPUS:512 nr_cpumask_bits:512 nr_cpu_ids: n_node_ds1[   0.000] PERCU:mbdded 34pages/puffff80fc00000 99544 81 d1528u1048576
[   000000 Pqsinlckas tabl eris: 26 rdr: 0, 09byes)[  0.000] uilt1 neistsinod ord, bility roin o. Toalpages: 1561
[   00000] oly one:MA
[  00000 Knel omndline: OOIMGE=/boot/vmlinuz.40-16-gnec oot=BEclouimrotfs ro console=tty1 console=ttyS0
[   .00000] IDas talenties: 4096 (order: 3, 3278 te)
[    000000]Meor 20380209669K valale (53 krnl de 130K rwdata 32K rda, 508 iit1316 b, 6216reerv,  cmarervd)
[   000000]SL: Walin=4,rder0- MnObjct0,CPUs2, Nodes=1
[   0.0000 Knel/sepae abs solaio: nabled
[   0.0000] HerchcalRCimlemntio.
[   00000]	Buil-tme ausent  laffano t64.[  0.000] RCUreriting Usrom _CUS=512 o _cu_ids.[   0.000] RCU: Adjusngeometr fr cufanout_lea=6, r_cpu_ds=
    0.000000] NR_IRQS:3304 _iqs:440 1
  0.0000 Cnsol: olur VGA 825
[   0.000]cosoe tty1 ebld
[  000000]onsole [ttyS0] enabled
[    0.000000] tsc: Detected 2394.462 MHz processor
[   12.701385] Calibrating delay loop (skipped) preset value.. 4788.92 BogoMIPS (lpj=9577848)
[   12.732779] pid_max: default: 32768 minimum: 301
[   12.736821] ACPI: Core revision 20150930
[   12.742752] ACPI: 2 ACPI AML tables successfully acquired and loaded
[   12.767092] Security Framework initialized
[   12.776301] Yama: becoming mindful.
[   12.786877] AppArmor: AppArmor initialized
[   12.792725] Dentry cache hash table entries: 262144 (order: 9, 2097152 bytes)
[   12.835494] Inode-cache hash table entries: 131072 (order: 8, 1048576 bytes)
[   12.855207] Mount-cache hash table entries: 4096 (order: 3, 32768 bytes)
[   12.878866] Mountpoint-cache hash table entries: 4096 (order: 3, 32768 bytes)
[   12.880701] Initializing cgroup subsys io
[   12.891686] Initializing cgroup subsys memory
[   12.895499] Initializing cgroup subsys devices
[   12.899214] Initializing cgroup subsys freezer
[   12.908156] Initializing cgroup subsys net_cls
[   12.912061] Initializing cgroup subsys perf_event
[   12.913376] Initializing cgroup subsys net_prio
[   12.914690] Initializing cgroup subsys hugetlb
[   12.918677] Initializing cgroup subsys pids
[   12.919728] CPU: Physical Processor ID: 0
[   12.920946] CPU: Processor Core ID: 0
[   12.922029] FEATURE SPEC_CTRL Not Present
[   12.924212] mce: CPU supports 0 MCE banks
[   12.925295] Last level iTLB entries: 4KB 1024, 2MB 1024, 4MB 1024
[   12.926746] Last level dTLB entries: 4KB 1024, 2MB 1024, 4MB 1024, 1GB 4
[   12.928131] Spectre V2 mitigation: Mitigation: Full generic retpoline
[   12.929579] Spectre V2 mitigation: Speculation control IBPB not-supported IBRS not-supported
[   12.933859] Freeing SMP alternatives memory: 32K
[   12.950455] ftrace: allocating 32186 entries in 126 pages
[   13.024670] smpboot: APIC(0) Converting physical 0 to logical package 0
[   13.026745] smpboot: Max logical packages: 1
[   13.028349] x2apic enabled
[   13.036150] Switched APIC routing to physical x2apic.
[   13.040674] ..TIMER: vector=0x30 apic1=0 pin1=2 apic2=-1 pin2=-1
[   13.150466] smpboot: CPU0: Intel(R) Core(TM) i7-4500U CPU @ 1.80GHz (family: 0x6, model: 0x45, stepping: 0x1)
[   13.211786] Performance Events: unsupported p6 CPU model 69 no PMU driver, software events only.
[   13.356229] KVM setup paravirtual spinlock
[   13.374819] x86: Booting SMP configuration:
[   13.378935] .... node  #0, CPUs:      #1
[   13.386649] kvm-clock: cpu 1, msr 0:7ffe3041, secondary cpu clock
[   13.390493] mce: CPU supports 0 MCE banks
[   13.393158] x86: Booted up 1 node, 2 CPUs
[   13.446141] smpboot: Total of 2 processors activated (9577.84 BogoMIPS)
[   13.534561] devtmpfs: initialized
[   13.578155] evm: security.selinux
[   13.585757] evm: security.SMACK64
[   13.587042] evm: security.SMACK64EXEC
[   13.591385] evm: security.SMACK64TRANSMUTE
[   13.625081] evm: security.SMACK64MMAP
[   13.646699] evm: security.ima
[   13.670799] evm: security.capability
[   13.671766] clocksource: jiffies: mask: 0xffffffff max_cycles: 0xffffffff, max_idle_ns: 7645041785100000 ns
[   13.697589] futex hash table entries: 512 (order: 3, 32768 bytes)
[   13.726498] pinctrl core: initialized pinctrl subsystem
[   13.777770] RTC time: 12:08:49, date: 04/03/18
[   13.820623] NET: Registered protocol family 16
[   13.860560] cpuidle: using governor ladder
[   13.907887] cpuidle: using governor menu
[   13.959972] PCCT header not found.
[   13.991884] ACPI: bus type PCI registered
[   14.028507] acpiphp: ACPI Hot Plug PCI Controller Driver version: 0.5
[   14.094289] PCI: Using configuration type 1 for base access
[   14.163621] ACPI: Added _OSI(Module Device)
[   14.185633] ACPI: Added _OSI(Processor Device)
[   14.190124] ACPI: Added _OSI(3.0 _SCP Extensions)
[   14.211480] ACPI: Added _OSI(Processor Aggregator Device)
[   14.229380] ACPI: Executed 1 blocks of module-level executable AML code
[   14.253850] ACPI: Interpreter enabled
[   14.275712] ACPI: (supports S0 S5)
[   14.300073] ACPI: Using IOAPIC for interrupt routing
[   14.310322] PCI: Using host bridge windows from ACPI; if necessary, use "pci=nocrs" and report a bug
[   14.422284] ACPI: PCI Root Bridge [PCI0] (domain 0000 [bus 00-ff])
[   14.489223] acpi PNP0A03:00: _OSC: OS supports [ASPM ClockPM Segments MSI]
[   14.557819] acpi PNP0A03:00: _OSC: not requesting OS control; OS requires [ExtendedConfig ASPM ClockPM MSI]
[   14.712026] acpi PNP0A03:00: fail to add MMCONFIG information, can't access extended PCI configuration space under this bridge.
[   14.809384] PCI host bridge to bus 0000:00
[   14.868114] pci_bus 0000:00: root bus resource [io  0x0000-0x0cf7 window]
[   14.898503] pci_bus 0000:00: root bus resource [io  0x0d00-0xffff window]
[   14.903498] pci_bus 0000:00: root bus resource [mem 0x000a0000-0x000bffff window]
[   15.039427] pci_bus 0000:00: root bus resource [mem 0x80000000-0xfdffffff window]
[   15.111366] pci_bus 0000:00: root bus resource [bus 00-ff]
[   15.177579] pci 0000:00:01.1: legacy IDE quirk: reg 0x10: [io  0x01f0-0x01f7]
[   15.225785] pci 0000:00:01.1: legacy IDE quirk: reg 0x14: [io  0x03f6]
[   15.236076] pci 0000:00:01.1: legacy IDE quirk: reg 0x18: [io  0x0170-0x0177]
[   15.255305] pci 0000:00:01.1: legacy IDE quirk: reg 0x1c: [io  0x0376]
[   15.315758] pci 0000:00:07.0: quirk: [io  0x4000-0x403f] claimed by PIIX4 ACPI
[   15.323195] pci 0000:00:07.0: quirk: [io  0x4100-0x410f] claimed by PIIX4 SMB
[   15.352411] ACPI: PCI Interrupt Link [LNKA] (IRQs 5 9 10 *11)
[   15.360893] ACPI: PCI Interrupt Link [LNKB] (IRQs 5 9 *10 11)
[   15.363211] ACPI: PCI Interrupt Link [LNKC] (IRQs 5 *9 10 11)
[   15.373805] ACPI: PCI Interrupt Link [LNKD] (IRQs 5 9 10 *11)
[   15.389498] ACPI: Enabled 2 GPEs in block 00 to 07
[   15.395769] vgaarb: setting as boot device: PCI:0000:00:02.0
[   15.402486] vgaarb: device added: PCI:0000:00:02.0,decodes=io+mem,owns=io+mem,locks=none
[   15.425002] vgaarb: loaded
[   15.432297] vgaarb: bridge control possible 0000:00:02.0
[   15.473293] SCSI subsystem initialized
[   15.490377] ACPI: bus type USB registered
[   15.502254] usbcore: registered new interface driver usbfs
[   15.519724] usbcore: registered new interface driver hub
[   15.534543] usbcore: registered new device driver usb
[   15.568370] PCI: Using ACPI for IRQ routing
[   15.589213] NetLabel: Initializing
[   15.589935] NetLabel:  domain hash size = 128
[   15.614031] NetLabel:  protocols = UNLABELED CIPSOv4
[   15.619465] NetLabel:  unlabeled traffic allowed by default
[   15.666229] amd_nb: Cannot enumerate AMD northbridges
[   15.698356] clocksource: Switched to clocksource kvm-clock
[   15.733837] AppArmor: AppAmoFisyemnaed[ 16437]npPnACI ni
[ 164441pn: Pn ACPI: found 3 devices

[   16.681599] clocksource: acpi_pm: mask: 0xffffff max_cycles: 0xffffff, max_idle_ns: 2085701024 ns
[   16.810160] NET: Registered protocol family 2
[   16.812517] TCP established hash table entries: 16384 (order: 5, 131072 bytes)
[   16.816299] TCP bind hash table entries: 16384 (order: 6, 262144 bytes)
[   16.817818] TCP: Hash tables configured (established 16384 bind 16384)
[   16.820412] UDP hash table entries: 1024 (order: 3, 32768 bytes)
[   16.825312] UDP-Lite hash table entries: 1024 (order: 3, 32768 bytes)
[   16.841388] NET: Registered protocol family 1
[   16.860866] pci 0000:00:00.0: Limiting direct PCI/PCI transfers
[   16.869845] pci 0000:00:01.0: Activating ISA DMA hang workarounds
[   16.883727] Unpacking initramfs...
[   18.746825] Freeing initrd memory: 10844K
[   18.763091] RAPL PMU detected, API unit is 2^-32 Joules, 4 fixed counters 10737418240 ms ovfl timer
[   18.769795] hw unit of domain pp0-core 2^-0 Joules
[   18.771735] hw unit of domain package 2^-0 Joules
[   18.779727] hw unit of domain dram 2^-0 Joules
[   18.784899] hw unit of domain pp1-gpu 2^-0 Joules
[   18.786566] platform rtc_cmos: registered platform RTC device (no PNP device found)
[   18.804016] Scanning for low memory corruption every 60 seconds
[   18.807273] audit: initializing netlink subsys (disabled)
[   18.834167] audit: type=2000 audit(1522757324.531:1): initialized
[   18.839563] Initialise system trusted keyring
[   18.842277] HugeTLB registered 2 MB page size, pre-allocated 0 pages
[   18.859809] zbud: loaded
[   18.868455] VFS: Disk quotas dquot_6.6.0
[   18.878164] VFS: Dquot-cache hash table entries: 512 (order 0, 4096 bytes)
[   18.882978] squashfs: version 4.0 (2009/01/31) Phillip Lougher
[   18.886476] fuse init (API version 7.23)
[   18.893901] Key type big_key registered
[   18.898225] Allocating IMA MOK and blacklist keyrings.
[   18.901855] Key type asymmetric registered
[   18.905487] Asymmetric key parser 'x509' registered
[   18.919951] Block layer SCSI generic (bsg) driver version 0.4 loaded (major 249)
[   18.922111] io scheduler noop registered
[   18.928631] io scheduler deadline registered (default)
[   18.955467] io scheduler cfq registered
[   18.960782] pci_hotplug: PCI Hot Plug PCI Core version: 0.5
[   18.964734] pciehp: PCI Express Hot Plug Controller Driver version: 0.4
[   18.969430] ACPI: AC Adapter [AC] (on-line)
[   18.972568] input: Power Button as /devices/LNXSYSTM:00/LNXPWRBN:00/input/input0
[   18.976118] ACPI: Power Button [PWRF]
[   18.982614] input: Sleep Button as /devices/LNXSYSTM:00/LNXSLPBN:00/input/input1
[   18.985704] ACPI: Sleep Button [SLPF]
[   18.987586] GHES: HEST is not enabled!
[   18.988484] ACPI: Battery Slot [BAT0] (battery present)
[   19.004994] Serial: 8250/16550 driver, 32 ports, IRQ sharing enabled
[   19.035560] 00:02: ttyS0 at I/O 0x3f8 (irq = 4, base_baud = 115200) is a 16550A
[   19.048222] Linux agpgart interface v0.103
[   19.054653] loop: module loaded
[   19.065560] scsi host0: ata_piix
[   19.069739] scsi host1: ata_piix
[   19.072750] ata1: PATA max UDMA/33 cmd 0x1f0 ctl 0x3f6 bmdma 0xd000 irq 14
[   19.080056] ata2: PATA max UDMA/33 cmd 0x170 ctl 0x376 bmdma 0xd008 irq 15
[   19.089973] libphy: Fixed MDIO Bus: probed
[   19.098506] tun: Universal TUN/TAP device driver, 1.6
[   19.107789] tun: (C) 1999-2004 Max Krasnyansky <maxk@qualcomm.com>
[   19.110175] PPP generic driver version 2.4.2
[   19.116005] ehci_hcd: USB 2.0 'Enhanced' Host Controller (EHCI) Driver
[   19.134860] ehci-pci: EHCI PCI platform driver
[   19.147379] ehci-platform: EHCI generic platform driver
[   19.149870] ohci_hcd: USB 1.1 'Open' Host Controller (OHCI) Driver
[   19.153234] ohci-pci: OHCI PCI platform driver
[   19.154517] ohci-platform: OHCI generic platform driver
[   19.166327] uhci_hcd: USB Universal Host Controller Interface driver
[   19.170453] i8042: PNP: PS/2 Controller [PNP0303:PS2K,PNP0f03:PS2M] at 0x60,0x64 irq 1,12
[   19.183402] serio: i8042 KBD port at 0x60,0x64 irq 1
[   19.196320] serio: i8042 AUX port at 0x60,0x64 irq 12
[   19.207559] mousedev: PS/2 mouse device common for all mice
[   19.219907] rtc_cmos rtc_cmos: rtc core: registered rtc_cmos as rtc0
[   19.225703] rtc_cmos rtc_cmos: alarms up to one day, 114 bytes nvram
[   19.228615] i2c /dev entries driver
[   19.229895] input: AT Translated Set 2 keyboard as /devices/platform/i8042/serio0/input/input2
[   19.232382] device-mapper: uevent: version 1.0.3
[   19.233617] device-mapper: ioctl: 4.34.0-ioctl (2015-10-28) initialised: dm-devel@redhat.com
[   19.249679] ledtrig-cpu: registered to indicate activity on CPUs
[   19.251306] NET: Registered protocol family 10
[   19.266009] NET: Registered protocol family 17
[   19.282793] Key type dns_resolver registered
[   19.284234] microcode: CPU0 sig=0x40651, pf=0x40, revision=0x0
[   19.306635] microcode: CPU1 sig=0x40651, pf=0x40, revision=0x0
[   19.308091] microcode: Microcode Update Driver: v2.01 <tigran@aivazian.fsnet.co.uk>, Peter Oruba
[   19.315091] registered taskstats version 1
[   19.321811] Loading compiled-in X.509 certificates
[   19.332722] Loaded X.509 crt'Bldti aogenerated kernel key: aa84f01984fbd529c105810b59e379d349698248'
  195607 zswap: loade uing oolzzbud
[   197825ts Rind C ocoue liatn:3941 M
[   19.783227] clocksource: tsc: mask: 0xffffffffffffffff max_cycles: 0x22839d91ed2, max_idle_ns: 440795286184 ns
[   20.634876] Key type trusted registered
[   20.689093] Key type encrypted registered
[   20.771311] AppArmor: AppArmor sha1 policy hashing enabled
[   20.847259] ima: No TPM chip found, activating TPM-bypass!
[   20.875019] evm: HMAC attrs: 0x1
[   20.876016]   Magic number: 14:547:126
[   20.876831] acpi device:01: hash matches
[   20.877688] rtc_cmos rtc_cmos: setting system clock to 2018-04-03 12:08:56 UTC (1522757336)
[   20.921014] BIOS EDD facility v0.16 2004-Jun-25, 0 devices found
[   20.998771] EDD information not available.
[   21.060569] Freeing unused kernel memory: 1508K
[   21.124857] Write protecting the kernel read-only data: 14336k
[   21.221152] Freeing unused kernel memory: 1700K
[   21.257489] Freeing unused kernel memory: 104K
Loading, please wait...
starting version[   21.289126] random: systemd-udevd: uninitialized urandom read (16 bytes read, 4 bits of entropy available)
 229
[   21.289602] random: udevadm: uninitialized urandom read (16 bytes read, 4 bits of entropy available)
[   21.289629] random: udevadm: uninitialized urandom read (16 bytes read, 4 bits of entropy available)
[   21.304410] random: udevadm: uninitialized urandom read (16 bytes read, 4 bits of entropy available)
[   21.304482] random: udevadm: uninitialized urandom read (16 bytes read, 4 bits of entropy available)
[   21.304733] random: udevadm: uninitialized urandom read (16 bytes read, 4 bits of entropy available)
[   21.304834] random: udevadm: uninitialized urandom read (16 bytes read, 4 bits of entropy available)
[   21.304932] random: udevadm: uninitialized urandom read (16 bytes read, 4 bits of entropy available)
[   21.305155] random: udevadm: uninitialized urandom read (16 bytes read, 4 bits of entropy available)
[   21.305264] random: udevadm: uninitialized urandom read (16 bytes read, 4 bits of entropy available)
[   21.828418] e1000: Intel(R) PRO/1000 Network Driver - version 7.3.21-k8-NAPI
[   21.838702] e1000: Copyright (c) 1999-2006 Intel Corporation.
[   21.844298] Fusion MPT base driver 3.04.20
[   21.846956] Copyright (c) 1999-2008 LSI Corporation
[   21.871280] Fusion MPT SPI Host driver 3.04.20
[   21.892118] AVX2 version of gcm_enc/dec engaged.
[   21.940987] AES CTR mode by8 optimization enabled
[   22.054566] input: ImExPS/2 Generic Explorer Mouse as /devices/platform/i8042/serio1/input/input4
[   22.295694] e1000 0000:00:03.0 eth0: (PCI:33MHz:32-bit) 02:27:b7:20:75:f7
[   22.371384] e1000 0000:00:03.0 eth0: Intel(R) PRO/1000 Network Connection
[   22.480690] e1000 0000:00:03.0 enp0s3: renamed from eth0
[   22.587435] mptbase: ioc0: Initiating bringup
[   22.799948] ioc0: LSI53C1030 A0: Capabilities={Initiator}
[   23.968393] scsi host2: ioc0: LSI53C1030 A0, FwRev=00000000h, Ports=1, MaxQ=256, IRQ=20
[   24.799759] scsi 2:0:0:0: Direct-Access     VBOX     HARDDISK         1.0  PQ: 0 ANSI: 5
[   24.945166] scsi target2:0:0: Beginning Domain Validation
[   24.945180] floppy0: no floppy controllers found
[   24.945235] work still pending
[   25.012901] scsi target2:0:0: Domain Validation skipping write tests
[   25.027916] scsi target2:0:0: Ending Domain Validation
[   25.030566] scsi target2:0:0: asynchronous
[   25.041625] scsi 2:0:1:0: Direct-Access     VBOX     HARDDISK         1.0  PQ: 0 ANSI: 5
[   25.061542] scsi target2:0:1: Beginning Domain Validation
[   25.080765] scsi target2:0:1: Domain Validation skipping write tests
[   25.151084] scsi target2:0:1: Ending Domain Validation
[   25.197295] scsi target2:0:1: asynchronous
[   25.278815] sd 2:0:0:0: Attached scsi generic sg0 type 0
[   25.359512] sd 2:0:0:0: [sda] 20971520 512-byte logical blocks: (10.7 GB/10.0 GiB)
[   25.359803] sd 2:0:1:0: [sdb] 20480 512-byte logical blocks: (10.5 MB/10.0 MiB)
[   25.359952] sd 2:0:1:0: [sdb] Write Protect is off
[   25.360054] sd 2:0:1:0: [sdb] Incomplete mode parameter data
[   25.360056] sd 2:0:1:0: [sdb] Assuming drive cache: write through
[   25.360328] sd 2:0:1:0: Attached scsi generic sg1 type 0
[   25.362153] sd 2:0:1:0: [sdb] Attached SCSI disk
[   25.493252] sd 2:0:0:0: [sda] Write Protect is off
[   25.545403] sd 2:0:0:0: [sda] Incomplete mode parameter data
[   25.595116] sd 2:0:0:0: [sda] Assuming drive cache: write through
[   25.629215]  sda: sda1
[   25.648126] sd 2:0:0:0: [sda] Attached SCSI disk
Begin: Loading e[   27.029797] md: linear personality registered for level -1
ssential drivers ... [   27.095553] md: multipath personality registered for level -4
[   27.112572] md: raid0 personality registered for level 0
[   27.144331] md: raid1 personality registered for level 1
[   27.270755] raid6: sse2x1   gen()  6076 MB/s
[   27.350527] raid6: sse2x1   xor()  5570 MB/s
[   27.438449] raid6: sse2x2   gen() 10104 MB/s
[   27.506447] raid6: sse2x2   xor()  6008 MB/s
[   27.586582] raid6: sse2x4   gen() 11740 MB/s
[   27.662400] raid6: sse2x4   xor()  8672 MB/s
[   27.754780] raid6: avx2x1   gen() 16181 MB/s
[   27.854513] raid6: avx2x2   gen() 18387 MB/s
[   27.962550] raid6: avx2x4   gen() 21300 MB/s
[   28.010700] raid6: using algorithm avx2x4 gen() 21300 MB/s
[   28.062420] raid6: using avx2x2 recovery algorithm
[   28.098432] xor: automatically using best checksumming function:
[   28.146815]    avx       : 16721.000 MB/sec
[   28.232744] async_tx: api initialized (async)
[   28.288303] md: raid6 personality registered for level 6
[   28.298208] md: raid5 personality registered for level 5
[   28.303691] md: raid4 personality registered for level 4
[   28.313771] md: raid10 personality registered for level 10
done.
Begin: Running /scripts/init-premount ... done.
Begin: Mounting root file system ... Begin: Running /scri[   28.361560] Btrfs loaded
pts/local-top ... done.
Begin: Running /scripts/local-premount [   28.416851] EXT4-fs (sda1): mounted filesystem with ordered data mode. Opts: (null)
... Scanning for Btrfs filesystems
done.
Warning: fsck not present, so skipping root file system
done.
Begin: Running /scripts/local-bottom ... done.
Begin: Running /scripts/init-bottom ... done.
[   28.570789] systemd[1]: systemd 229 running in system mode. (+PAM +AUDIT +SELINUX +IMA +APPARMOR +SMACK +SYSVINIT +UTMP +LIBCRYPTSETUP +GCRYPT +GNUTLS +ACL +XZ -LZ4 +SECCOMP +BLKID +ELFUTILS +KMOD -IDN)
[   28.695721] systemd[1]: Detected virtualization oracle.
[   28.714908] systemd[1]: Detected architecture x86-64.

Welcome to [1mUbuntu 16.04.4 LTS[0m!

[   28.776] stemd[1]: Set hostname to <ubnt.
[   29.000524] systemd[1]: Initializing machine ID from random generator.
[   29.079360] systemd[1]: Installed transient /etc/machine-id file.
[   29.242216] systemd[1]: Listening on udev Kernel Socket.
[[0;32m  OK  [0m] Listening on udev Kernel Socket.
[   29.347751] ysem[1]: Reached taretSwp.
[[0;32m  OK  [0m] Reached target Swap.
[   29.579795] systemd[1]: Created slice User and Session Slice.
[[0;32m  OK  [0m] Created slice User and Session Slice.
[   29.582461] systemd[1]: Reached target User and Group Name Lookups.
[[0;32m  OK  [0m] Reached target User and Group Name Lookups.
[  2.6410] sstd[: Lieng  SloSoet

[[0;32m  OK  [0m] Listening on Syslog Socket.
[   30.226862] systemd[1]: Listening on Journal Socket.
[[0;32m  OK  [0m] Listening on Journal Socket.
[   30.286166] systemd[1]: Listeningondeintcl omatiltyam Ppe
[[0;32m  OK  [0m] Listening on /dev/initctl Compatibility Named Pipe.
[ 30.851] std[: ard igr esolvcnfpde r twrkd DNS.

[[0;32m  OK  [0m] Started Trigger resolvconf update for networkd DNS.
[   31.563877] systemd[1]: Listening on udev Control Socket.
[[0;32m  OK  [0m] Listening on udev Control Socket.
[   31.636221] systemd[1]: Listni on Deic-mappe entdamon FIOs

[[0;32m  OK  [0m] Listening on Device-mapper event daemon FIFOs.
[   32.06331 ste[1 Lstni oLV pl em sckt.

[[0;32m  OK  [0m] Listening on LVM2 poll daemon socket.
[   2.68790]syted[]: Reaedart crteVome
[[0;32m  OK  [0m] Reached target Encrypted Volumes.
[ 33399]ysmd]:isening on LVM2 etdatadaonocket.
[[0;32m  OK  [0m] Listening on LVM2 metadata daemon socket.
[ 33766]ysem1]StteFoarPawo Ruetstoall irector Wtc.
[[0;32m  OK  [0m] Started Forward Password Requests to Wall Directory Watch.
[ 34195]ysmd]:isning on url ck (evog
[[0;32m  OK  [0m] Listening on Journal Socket (/dev/log).
[   5.69971] systemd[1]: Set up automount Arbitrary Executable File Formats File System Automount Point.

[[0;32m  OK  [0m] Set up automount Arbitrary Executab...ats File System Automount Point.
[   5.87527]ysmd]:Listenngn url diSoet

[[0;32m  OK  [0m] Listening on Journal Audit Socket.
[   6.86] stmd[1]:reatd icSystm Slice.

[[0;32m  OK  [0m] Created slice System Slice.
[   36.979375] systemd[1]: Starting Journal Service...
         Starting Journal Service...
[   37.118507] systemd[1]: Mounting Huge Pages File System...
         Mounting Huge Pages File System...
[   37.143997] systemd[1]: Starting Uncomplicated firewall...
[   37.193765] random: nonblocking pool is initialized
         Starting Uncomplicated firewall...
[   37.231356] systemd[1]: Starting Monitoring of LVM2 mirrors, snapshots etc. using dmeventd or progress polling...
         Starting Monitoring of LVM2 mirrors... dmeventd or progress polling...
[   37.442865] systemd[1]: Starting Nameserver information manager...
         Starting Nameserver information manager...
[   37.603180] systemd[1]: Starting Create list of required static device nodes for the current kkrnel...
         Starting Create list of required st... nodes for the current kernel...
[ 37.8099]ystemd[]:reedsle st-siax2et.sce
[[0;32m  OK  [0m] Created slice system-serial\x2dgetty.slice.
[   38.635623] systemd[1]: Mounting Debug File System...
         Mounting Debug File System...
[   38.762674] systemd[1]: Mounting POSIX Message Queue File System...
         Mounting POSIX Message Queue File System...
[   38.922964] systemd[1]: Starting Remount Root and Kernel File Systems...
         Starting Remount[   38.964154] EXT4-fs (sda1): re-mounted. Opts: (null)
 Root and Kernel File Systems...
[   39.035112] systemd[1]: Starting Set console keymap...
         Starting Set console keymap...
[   39.043744] systemd[1]: Reached target Slices.
[[0;32m  OK  [0m] Reached target Slices.
[   39.095353] systemd[1]: Starting Load Kernel Modules...
         Starting Load Kernel Modules...[   39.155479] Loading iSCSI transport class v2.0-870.

[   39.200500] systemd[1]: Mounted POSIX Message Queue File System.
[[0;32m  OK  [0m] Mounted POSIX Message Queue File System.
[   39.232667] systemd[1]: Mounted Huge Pages File System.
[[0;32m  OK  [0[   39.238627] iscsi: registered transport (tcp)
m] Mounted Huge Pages File System.
[   39.259476] systemd[1]: Mounted Debug File System.
[[0;32m  OK  [0m] Mounted Debug[   39.283426] iscsi: registered transport (iser)
 File System.
[   39.29899 sstmd[]:Stte Journal Service.

[[0;32m  OK  [0m] Started Journal Service.
[[0;32m  OK  [0m] Started Uncomplicated firewall.
[[0;32m  OK  [0m] Started Create list of required sta...ce nodes for the current kernel.
[[0;32m  OK  [0m] Started Remount Root and Kernel File Systems.
[[0;32m  OK  [0m] Started Set console keymap.
[[0;32m  OK  [0m] Started Load Kernel Modules.
[[0;32m  OK  [0m] Started Nameserver information manager.
[[0;32m  OK  [0m] Started LVM2 metadata daemon.
         Mounting FUSE Control File System...
         Starting Apply Kernel Variables...
         Starting Load/Save Random Seed...
         Starting udev Coldplug all Devices...
         Starting Initial cloud-init job (pre-networking)...
         Starting Create Static Device Nodes in /dev...
         Starting Flush Journal to Persistent Storage...
[[0;32m  OK  [0m] Mounted FUSE Control File System.
[[0;32m  OK  [0m] Started Apply Kernel Variables.
[[0;32m  OK  [0m] Started Load/Save Random Seed.
[[0;32m  OK  [0m] Started Create Static Device Nodes in /dev.
[[0;32m  OK  [0m] Started udev Coldplug all Devices.
[[0;32m  OK  [0m] Started Monitoring of LVM2 mirrors,...ng dmeventd or progress polling.
[[0;32m  OK  [0m] Started Flush Journal to Persistent Storage.
         Starting udev Kernel Device Manager...
[[0;32m  OK  [0m] Started udev Kernel Device Manager.
[[0;32m  OK  [0m] Started Dispatch Password Requests to Console Directory Watch.
[[0;32m  OK  [0m] Reached target Local File Systems (Pre).
[[0;32m  OK  [0m] Reached target Local File Systems.
         Starting Tell Plymouth To Write Out Runtime Data...
         Starting Set console font and keymap...
         Starting Commit a transient machine-id on disk...
         Starting Create Volatile Files and Directories...
         Starting LSB: AppArmor initialization...
[[0;32m  OK  [0m] Started Tell Plymouth To Write Out Runtime Data.
[[0;32m  OK  [0m] Started Commit a transient machine-id on disk.
[[0;32m  OK  [0m] Started Create Volatile Files and Directories.
[[0;32m  OK  [0m] Reached target System Time Synchronized.
         Starting Update UTMP about System Boot/Shutdown...
[[0;32m  OK  [0m] Started Update UTMP about System Boot/Shutdown.
[[0;32m  OK  [0m] Found device /dev/ttyS0.
[   26.550175] cloud-init[456]: Cloud-init v. 17.1 running 'init-local' at Tue, 03 Apr 2018 12:09:16 +0000. Up 25.91 seconds.
[[0;1;31mFAILED[0m] Failed to start Set console font and keymap.
See 'systemctl status console-setup.service' for details.
[[0;32m  OK  [0m] Started Initial cloud-init job (pre-networking).
[[0;32m  OK  [0m] Reached target Network (Pre).
[[0;32m  OK  [0m] Listening on Load/Save RF Kill Switch Status /dev/rfkill Watch.
[[0;32m  OK  [0m] Created slice system-getty.slice.
[[0;32m  OK  [0m] Started LSB: AppArmor initialization.
         Starting Raise network interfaces...
[[0;32m  OK  [0m] Started Raise network interfaces.
[[0;32m  OK  [0m] Reached target Network.
         Starting Initial cloud-init job (metadata service crawler)...
[   30.222217] cloud-init[915]: Cloud-init v. 17.1 running 'init' at Tue, 03 Apr 2018 12:09:20 +0000. Up 29.40 seconds.
[   30.252969] cloud-init[915]: ci-info: +++++++++++++++++++++++++++++++++++++Net device info++++++++++++++++++++++++++++++++++++++
[   30.336860] [cloud-init[0;32m  OK  [0m[915]: ] ci-info: +--------+------+----------------------------+---------------+-------+-------------------+Started Initial cloud-init job (metadata service crawler).

[   30.337352] cloud-init[915]: ci-info: | Device |  Up  |          Address           |      Mask     | Scope |     Hw-Address    |
[   30.432858] [cloud-init[0;32m  OK  [0m[915]: ] ci-info: +--------+------+----------------------------+---------------+-------+-------------------+Reached target Cloud-config availability.

[   30.464771] [cloud-init[0;32m  OK  [0m[915]: ] ci-info: | enp0s3 | True |         10.0.2.15          | 255.255.255.0 |   .   | 02:27:b7:20:75:f7 |Reached target Network is Online.

[   30.465585] cloud-init[915]: ci-info: | enp0s3 | True | fe80::27:b7ff:fe20:75f7/64 |       .       |  link | 02:27:b7:20:75:f7 |
[   30.560670]          cloud-initStarting iSCSI initiator daemon (iscsid)...[915]: 
ci-info: |   lo   | True |         127.0.0.1          |   255.0.0.0   |   .   |         .         |
[   30.745654] [cloud-init[0;32m  OK  [0m[915]: ] ci-info: |   lo   | True |          ::1/128           |       .       |  host |         .         |Reached target System Initialization.

[[0;32m  OK  [0m] Listening on D-Bus System Message Bus Socket.
[[0;32m  OK  [0m] Listening on ACPID Listen Socket.
[   30.746356] cloud-init[915]: ci-info: +--------+------+----------------------------+---------------+-------+-------------------+
[   31.181025]          cloud-initStarting Socket activation for snappy daemon.[915]: 
ci-info: +++++++++++++++++++++++++++Route IPv4 info++++++++++++++++++++++++++++
[   31.545903] [cloud-init[0;32m  OK  [0m[915]: ] ci-info: +-------+-------------+----------+---------------+-----------+-------+Listening on UUID daemon activation socket.

[   31.690632] [[0;32m  OK  [0m] Started ACPI Events Check.
cloud-init[915]: ci-info: | Route | Destination | Gateway  |    Genmask    | Interface | Flags |
[   31.713337] [cloud-init[0;32m  OK  [0m[915]: ] ci-info: +-------+-------------+----------+---------------+-----------+-------+Reached target Paths.

[   31.873347] [cloud-init[0;32m  OK  [0m[915]: ] ci-info: |   0   |   0.0.0.0   | 10.0.2.2 |    0.0.0.0    |   enp0s3  |   UG  |Started Daily Cleanup of Temporary Directories.

[[0;32m  OK  [0m] Started Timer to automatically refresh installed snaps.
[[0;32m  OK  [0m] Started Daily apt download activities.
[   31.875117] cloud-init[915]: ci-info: |   1   |   10.0.2.0  | 0.0.0.0  | 255.255.255.0 |   enp0s3  |   U   |
[   32.265432] [cloud-init[0;32m  OK  [0m[915]: ] ci-info: +-------+-------------+----------+---------------+-----------+-------+Started Daily apt upgrade and clean activities.

[[0;32m  OK  [0m] Reached target Timers.
[   32.429508]          Starting LXD - unix socket.
cloud-init[915]: Generating public/private rsa key pair.
[   32.549326] cloud-init[915]: Your identification has been saved in /etc/ssh/ssh_host_rsa_key.
[[0;32m  OK  [0m] Listening on Socket activation for snappy daemon.
[[0;32m  OK  [0m] Listening on LXD - unix socket.
[[0;32m  OK  [0m] Started iSCSI initiator daemon (iscsid).
[   32.669202] cloud-init[915]: Your public key has been saved in /etc/ssh/ssh_host_rsa_key.pub.
         Starting Login to default iSCSI targets...
[[0;32m  OK  [0m] Reached target Sockets.
[   32.811623] cloud-init[915]: The key fingerprint is:
[   33.085803] cloud-init[915]: SHA256:vnSU7hZqvTk8FNhFM+42ZKqUPxasAPN7oFK9Qv+EYc0 root@ubuntu-xenial
[[0;32m  OK  [0m] Reached target Basic System.
[   33.207865] cloud-init[915]: The key's randomart image is:
[   33.294347] [[0;32m  OK  [0m] Started ACPI event daemon.
cloud-init[915]: +---[RSA 2048]----+
[   33.341147] [cloud-init[0;32m  OK  [0m[915]: ] |           .+    |Started Regular background program processing daemon.

[   33.342353] cloud-init[915]: |           ..o   |
[   33.456986] [cloud-init[0;32m  OK  [0m[915]: ] |    o    o .+    |Started D-Bus System Message Bus.

[   33.458140] cloud-init[915]: |     = o.oo*     |
[   33.577995]          cloud-initStarting Pollinate to seed the pseudo random number generator...[915]: 
|    o B E *.+    |
[   33.644186] [cloud-init[0;32m  OK  [0m[915]: ] |   o + X *oo .   |Started Unattended Upgrades Shutdown.

[   33.645099] cloud-init[915]: |  . o = B=*.     |
[   33.711740] cloud-init[915]: |   . . =o=*o     |
[   33.728686]          cloud-initStarting LXD - container startup/shutdown...[915]: 
|       .o.++     |
[   33.742476]          cloud-initStarting Apply the settings specified in cloud-config...[915]: 
+----[SHA256]-----+
[   33.753318] cloud-init[915]: Generating public/private dsa key pair.
[   33.755565]          Starting Login Service...
cloud-init[915]: Your identification has been saved in /etc/ssh/ssh_host_dsa_key.
[   33.792519]          cloud-initStarting LSB: MD monitoring daemon...[915]: 
Your public key has been saved in /etc/ssh/ssh_host_dsa_key.pub.
[   33.892292] [cloud-init[0;32m  OK  [0m[915]: ] The key fingerprint is:Started Deferred execution scheduler.

[   33.912607] [cloud-init[0;32m  OK  [0m[915]: ] SHA256:nhkqd6ugisk0VsQ9o0gYZtHd9OkDXEVHjX6kqPNsYiE root@ubuntu-xenialStarted FUSE filesystem for LXC.

[   33.912975] cloud-init[915]: The key's randomart image is:
[   34.032953]          cloud-initStarting /etc/rc.local Compatibility...[915]: 
+---[DSA 1024]----+
         Starting System Logging Service...
[   34.075084] cloud-init[915]: |.+o . o. .oo.oo  |
[   34.152393] cloud-init[915]: |+.......o . .. o |
[   34.152793] cloud-init[915]: |.. o + o o  o o  |
         Starting Accounts Service...
[   34.152995] cloud-init[915]: |. o . o o  . o . |
         Starting LSB: Record successful boot for GRUB...
[   34.263013] cloud-init[915]: | . o    So.   .  |
         Starting Snappy daemon...
[[0;32m  OK  [0m] Started System Logging Service.
[[0;32m  OK  [0m] Started Pollinate to seed the pseudo random number generator.
[[0;32m  OK  [0m] Started LXD - container startup/shutdown.
[[0;32m  OK  [0m] Started /etc/rc.local Compatibility.
[   34.373917] cloud-init[915]: |  .    E B.      |
[   34.477620] cloud-init[915]: | +  o o * =      |
[   34.505286] cloud-init[915]: |=... + . + +     |
[   34.580371] cloud-init[915]: |+o.   ..o o      |
[[0;32m  OK  [0m] Started LSB: MD monitoring daemon.
[   34.631981] cloud-init[915]: +----[SHA256]-----+
[   34.645022] cloud-init[915]: Generating public/private ecdsa key pair.
[   34.663429] cloud-init[915]: Your identification has been saved in /etc/ssh/ssh_host_ecdsa_key.
[[0;32m  OK  [0m] Started Login to default iSCSI targets.
[[0;32m  OK  [0m] Started Snappy daemon.
[   34.767250] cloud-init[915]: Your public key has been saved in /etc/ssh/ssh_host_ecdsa_key.pub.
[   34.852735] cloud-init[915]: The key fingerprint is:
[   34.886633] cloud-init[915]: SHA256:lb5seiYcJZrCYh+yplu6NVJc/0RcLrVNZjU13H12wU0 root@ubuntu-xenial
[[0;32m  OK  [0m] Started LSB: Record successful boot for GRUB.
[   34.952131] cloud-init[915]: The key's randomart image is:
[   34.995935] cloud-init[915]: +---[ECDSA 256]---+
[[0;32m  OK  [0m] Started Login Service.
[   35.055594] cloud-init[915]: |          o +.==E|
         Starting Authenticate and Authorize Users to Run Privileged Tasks...
[[0;32m  OK  [0m] Reached target Remote File Systems (Pre).
[[0;32m  OK  [0m] Reached target Remote File Systems.
[   35.095556] cloud-init[915]: |       . + B   +O|
[   35.124590] cloud-init[915]: |    .   + = .  .o|
[   35.142909]          cloud-initStarting LSB: VirtualBox Linux Additions...[915]: 
| . . . ..+.      |
[   35.143475] cloud-init[915]: |  o.  .oSo.      |
[   35.195554]          Starting Permit User Sessions...
cloud-init[915]:          Starting LSB: automatic crash report generation...
         Starting LSB: daemon to balance interrupts for SMP systems...
         Starting LSB: Set the CPU Frequency Scaling governor to "ondemand"...
         Starting OpenBSD Secure Shell server...
[[0;32m  OK  [0m] Started Permit User Sessions.
[[0;32m  OK  [0m] Started Authenticate and Authorize Users to Run Privileged Tasks.
[[0;32m  OK  [0m] Started Accounts Service.
| .+ + oo.. .     |
         Starting Terminate Plymouth Boot Screen...
[   35.283978] cloud-init[915]: |..+= o ...+      |
[   35.305211]          cloud-initStarting Hold until boot process finishes up...[915]: 
| =o..   ooo      |
[   35.320549] [cloud-init[0;32m  OK  [0m[915]: ] |==      .+       |Started OpenBSD Secure Shell server.

[   35.321069] [cloud-init[0;32m  OK  [0m[915]: ] +----[SHA256]-----+Started LSB: VirtualBox Linux Additions.

[   35.348984] [[0;32m  OK  [0m] Started LSB: automatic crash report generation.
[[0;32m  OK  [0m] Started LSB: daemon to balance interrupts for SMP systems.
cloud-init[915]: Generating public/private ed25519 key pair.
[[0;32m  OK  [0m] Started LSB: Set the CPU Frequency Scaling governor to "ondemand".
[[0;32m  OK  [0m] Started Terminate Plymouth Boot Screen.
[[0;32m  OK  [0m] Started Hold until boot process finishes up.
[   35.385577] cloud-init[915]: Your identification has been saved in /etc/ssh/ssh_host_ed25519_key.
[   35.461898] cloud-init[915]: Your public key has been saved in /etc/ssh/ssh_host_ed25519_key.pub.
[   35.492380] cloud-init[915]: The key fingerprint is:
[   35.497477] cloud-init[915]: SHA256:7VR/2uVRE4gBj8kC2rD7jITcN69uHz2d/AKANuFOCr0 root@ubuntu-xenial
[   35.502158] cloud-init[915]: The key's randomart image is:
[   35.502566] cloud-init[915]: +--[ED25519 256]--+
         Starting Set console scheme...
[   35.502759] cloud-init[915]: |   . .   ...o .. |
[   35.540448] cloud-init[915]: |    =.. . +. .  .|
[   35.543843] cloud-init[915]: |  .o..o. + ..  ..|
[   35.545237] cloud-init[915]: |..o..* ... . .  o|
[   35.545596] cloud-init[915]: | o.+*o. S o   ..o|
[[0;32m  OK  [0m] Started Getty on tty1.
[   35.545808] cloud-init[915]: |  .E=.o .+o .  =o|
[   35.552711] cloud-init[915]: |   . o o oo+  . o|
[   35.553075] cloud-init[915]: |     .. . ...    |
[   35.553878] cloud-init[915]: |    oo..    ..   |
[   35.554075] cloud-init[915]: +----[SHA256]-----+
[[0;32m  OK  [0m] Started Serial Getty on ttyS0.
[   35.558870] cloud-init[1065]: Generating locales (this might take a while)...
[[0;32m  OK  [0m] Reached target Login Prompts.
[[   35.566426] cloud-init[1065]:   en_US.UTF-8... done
[0;32m  OK  [0m] Reached target Multi-User System.
[   35.573660] cloud-init[1065]: Generation complete.
[[0;32m  OK  [0m] Reached target Graphical Interface.
         Starting Update UTMP about System Runlevel Changes...
[[0;32m  OK  [0m] Started Set console scheme.
[[0;32m  OK  [0m] Started Update UTMP about System Runlevel Changes.
[   35.839573] cloud-init[1065]: Cloud-init v. 17.1 running 'modules:config' at Tue, 03 Apr 2018 12:09:24 +0000. Up 34.04 seconds.
[[0;32m  OK  [0m] Started Apply the settings specified in cloud-config.
         Starting Execute cloud user/final scripts...
ci-info: no authorized ssh keys fingerprints found for user ubuntu.
<14>Apr  3 12:09:27 ec2: 
<14>Apr  3 12:09:27 ec2: #############################################################
<14>Apr  3 12:09:27 ec2: -----BEGIN SSH HOST KEY FINGERPRINTS-----
<14>Apr  3 12:09:27 ec2: 1024 SHA256:nhkqd6ugisk0VsQ9o0gYZtHd9OkDXEVHjX6kqPNsYiE root@ubuntu-xenial (DSA)
<14>Apr  3 12:09:27 ec2: 256 SHA256:lb5seiYcJZrCYh+yplu6NVJc/0RcLrVNZjU13H12wU0 root@ubuntu-xenial (ECDSA)
<14>Apr  3 12:09:27 ec2: 256 SHA256:7VR/2uVRE4gBj8kC2rD7jITcN69uHz2d/AKANuFOCr0 root@ubuntu-xenial (ED25519)
<14>Apr  3 12:09:27 ec2: 2048 SHA256:vnSU7hZqvTk8FNhFM+42ZKqUPxasAPN7oFK9Qv+EYc0 root@ubuntu-xenial (RSA)
<14>Apr  3 12:09:27 ec2: -----END SSH HOST KEY FINGERPRINTS-----
<14>Apr  3 12:09:27 ec2: #############################################################
-----BEGIN SSH HOST KEY KEYS-----
ecdsa-sha2-nistp256 AAAAE2VjZHNhLXNoYTItbmlzdHAyNTYAAAAIbmlzdHAyNTYAAABBBLWqV/5uTGlFmays1xhuwHDhq4SeOVlT/w1EvCqo5e7oAs4jAeMcyPDe1RNe7JW0s1bRD8mFoRBcarPII4XjfWw= root@ubuntu-xenial
ssh-ed25519 AAAAC3NzaC1lZDI1NTE5AAAAID3E76VGB3ydND1su8A8tiImvfbxdaDyFmYfZwru4Xxw root@ubuntu-xenial
ssh-rsa AAAAB3NzaC1yc2EAAAADAQABAAABAQCpHfEa66k1wSMjdJBUhag4lJmTRzra6pPSGqdg6A8c6akR27DuapL+o/L/fZotVzXSt88oOLQXL+7F5ghaBZCnkBhIW/32AQiYMjeLjFSZsNlvAwZ8czGDuKcAzFgzNdJAUI2a5gXWdibkH92wK+T+/E2EBwxvpXccg7xiLGJhBTsJ11CN9exXcN2pdcOqkffOsZc5PvANFEXoOv4FglAOfcC81JstRCHBlZ5eTW1tEyXerfHIYSy2fglOW4zh4amrMNohuwnaJoOlq9de0kuuJ4ItsNznlGDzp+Br/vOZqBXrsvuKa5w+2yNCOLaHgfA+HMNjb9p4lZx6cG+z6PYV root@ubuntu-xenial
-----END SSH HOST KEY KEYS-----
[[0;32m  OK  [0m] Created slice User Slice of vagrant.
[   37.241907] cloud-init[1273]: Cloud-init v. 17.1 running 'modules:final' at Tue, 03 Apr 2018 12:09:27 +0000. Up 36.27 seconds.
[   37.300971]          cloud-initStarting User Manager for UID 1000...[1273]: 
ci-info: no authorized ssh keys fingerprints found for user ubuntu.
[   37.466293] [cloud-init[1273]: Cloud-init v. 17.1 finished at Tue, 03 Apr 2018 12:09:27 +0000. Datasource DataSourceNoCloud [seed=/dev/sdb][dsmode=net].  Up 37.23 seconds
[0;32m  OK  [0m] Started User Manager for UID 1000.
[[0;32m  OK  [0m] Started Execute cloud user/final scripts.
[[0;32m  OK  [0m] Started Session 1 of user vagrant.
[[0;32m  OK  [0m] Reached target Cloud-init target.

Ubuntu 16.04.4 LTS ubuntu-xenial ttyS0

ubuntu-xenial login: 