[   0.000000] Initializin crop subyscpuset
[    0.000000] Initializng cgroup subsys cpu
[    0.000000] Initializig cgou sbss cpac
[   0.000] Lnuvesion4..0116-enri(build@l01amd602 (gc vsin .40 206009(Untu 5.4.-6ubnt~1.04.) #10-Uun SP MoFe12 2:204UTC 018 Ubtu 4..011.10-genec 4.98)
[    0.000000] Command line: BOOT_IMAGE=/boot/vmlnu4.4.0-116-generic root=LABEL=cloudimg-rootfs ro consol=t1 onsoe=yS
[  00000] RNL supoedcpus
[   .0000] Int GnuineIte
[   0.0000  AMD AuthenicAM
   0.000   Cntr entarHls
[    0.000000] x86/fpu: xstate_offset[2]:  576, xstate_sizes[2]:  256
[    0.000000] x86/fpu: Supporting XSAVE feature 0x01: 'x87 floating point registers'
[    0.000000] x6/u:Supporting XSAVE feature 0x02: SS riste'[    0.000000] x86/fpu: Spptig XSAVE eaure 0x04: 'AVX registers'
[    0.000000] x86/fpu: Enabled xstatefeatures 07, ontxtsize is 832 bytes, using 'standad'ormat.
[    00000 x86/fp: si 'lay'PU context wihe.
[  0000000] e20: BIOS-provided physical RAM map:
[    0.000000 BIOS-e820: [mem 0x0000000000000000-0x000000000009fff usable
[    0.000000] BIOS-e820: [mem 0x000000000009fc00-0x0000000ff] eserve
  0.0000 BOS-e20 [m 0x0000000f000x0000000ffff] esrv
[   0.000] BOS820:[mem x0000000010000x000000fffff]sale
[    0.000000] BIOS-e820: [mem 0x000007ff000x0000007ffff] AI ta
  0.0000] OSe820:[m 000000000fec000x00000fe00ff]esrved
   000000]BI-e20: me0x000000ee000-0000000ee00fff] reserved
[    0.0000] BIOS-e820: [mem 0x00000000fffc0000-0x00000000ffffffff] reserved
[    0.0000 N (xecut Dable ptetion aive
[    0.000000] SMBOS 2. pesen.    0.000]Hyerso detctd:KV
[   00000 e20lastpf =x7ff0 x_rch_fn 0x400000000
[    0000000MT: Dibl
[    .000] x8PA MTRs isabed skipping PAT initialization too.
[    0.000000] CPU MTRRs all blank - virtualized system.
[   .000000] x86/PAT: Configuration [0-7]: WB  WT  UC- UC  WB  WT  UC- UC  
[    0.000000] found SMP MP-table at [mem 0x0009fff0-x0009fff]maed at[ff800009ff0]
   0.00000]caning1 eas fo lw mory orpton
[    .000] RAIS [me 03620000x55fff]
[   00000]CP: Ealyabe cheks vrificaiodiable
  0.0000 ACI:RSP 0x000000000E0000 000024 (v2 BO  
[   0000] AC: DT 00000007FF00 0003C v0VBX   BOSD 00000 AL  00001)
[   00000]CP FAC 0000000FF0F 0004 v0 VBO  BOFACP00001 SL000006
   0.000000] ACPI: DSDT 0x000000007FFF0470 0021FF (v02 VBOX   VOXIO 00000002 INTL 0105)
[    .000] ACPI FCSx000007FF0200040
  0.0000 AI: FCSx0000007F000 000
    .000] ACP: IC0x000000FF020 00C (v2 OX  VBXAC 000001SL 00000)
[    0000000 API SSDT 0000000FFF02A0 0001CC (v01 VBOX   VBOXCPUT 00000002 INTL 20100528)
[    0.000000] No NUMA configuration found
[    0.000000] Faking a node at [mem 0x0000000000000000-0x000000007ffeffff]
[    0.000000] NODE_DATA(0) allocated [mem 0x7ffeb000-0x7ffeffff]
[    0.000000] kvm-clock: Using msrs 4b564d01 and 4b56400
[    0.000000] kvm-clock: cpu 0, msr 0:7ffe3001, primary cpu clock
[    0.000000] kvm-clock: using chd ofetf 3179148 ycles
  0.00000] clocksource: kv-cck mas: fffffffffffffff ma_cle: 0xcde4ffb,axdle_s:81905948ns
[    0.0000] ne ranes:
[    0.000000]   DMA      [mem 00000000000010000x0000000ffff]
[    0.000000]   DMA32    [mem 0x0000000001000000-0x000000007ffeffff]
[    0.000000]   Normal   empty
[    0.000000]   Device   empty
[    0.000000] Movable zone start for each node
[    0.000000] Early memory node ranges
[    0.000000]   node   0: [mem 0x000000000000100-000000000009efff]
    0.0000   node   0: [mem 0x0000000000100000-0x000000007ffeffff]
[    0.000000]Initmem setup node 0 [mem 0x0000000000001000-0x000000007ffeffff]
[    0.000000] ACPI: PM-Timer IO Port: 0x4008
[    0.0000] IOPI0] api_i2, verio32 adre 0fec00000, GSI 0-23
[    0.000000] ACPI: INT_SRC_OVR (bus 0 bus_irq 0 global_irq 2 dfl dfl)
[    0.000000] APIINT_SRC_OVR (bus 0 bus_irq9 gobl_rq9 ow level
[    0.000000] Using ACPI (MADT) for SMP configuration information
[    0.000000] smpboot: Allowing 2 CPUs, 0 hotplug CPUs
[    0.000000] PM: Registered nosave memory [em0x0000000-0x00000fff]
[    0.000000] PM: Registered nosave memory: [mem 0x0009f000-0x0009ffff]
   0.00000] PM: Registed nosave memor: [me 000a0000-000effff]
[   0.0000] PM: Reegistered nosave memory: [mem 0x000f0000-0x000fffff]
[    0.000000] e820: [mem 0x80000000-0xfebfffff] available for PCI devices
[    0.000000] Booting paravirtualized kernel on KVM
[    0.00000] ocksouce: refned-jifis:mak: 0xffffffff maxcyle 0xffffffff, max_idle_ns: 7645519600211568 n
    0.000000] setup_pecpu: NR_CPUS:52 r_puask_bis:12nrcpu_id:2r_ode_ds:1
[    0.000000] PERCPU: Embedded 34 pages/cpu @ffff88007fc00000 s99544 r8192 d31528 u1048576
[    0.000000] PV qspinlock hash table entries: 256 (order: 0, 4096 byts)
[   0.0000] ilt 1zolits i Nderdermolity goungon. Tol ages 596
[   0.0000] Polic zon: MA2
[  000000] Kenel coanline: BOT_IME=bootvmnu-4.4.0-116-gnec oot=LBE=coudim-rtf ro onletty1cool=tty0[   0.000000] PID hash table entries: 4096 (order: 3, 32768 bytes)
[    0.000000] Memory: 2033880K/2096696K available (8530K kernel code, 1309K rwdata, 3992Kroat, 508 ini, 316Kbs 6816Kesrvd, 0K cma-reserved)
[    0.000000] SLUB: HWalign=64, Order=0-3, MinObjeccts0, CPUs, odes=1
  0.0000] erl/Usr getabl ilatio ebled
[   00000]iearchcaRC impemntion.
[   .00000 	uildti ajustmnt of leaf fou to4.
[    0.000000] 	RCU restricting CPUs from NR_CPUS=512 to nr_cpu_ids=2.
[    0.000000] RCU: Adjusting geometry for rcu_fanout_leaf=64, nr_cpu_ids=2
[    0.000000] NR_IRQS:33024 nr_irqs:440 16
[    0.000000] Console: colour VGA+ 80x25
[    0.000000] console [tty1] enabled
[    0.000000] console [ttyS0] enabled
[    0.000000] tsc: Detected 2394.456 MHz processor
[   13.367845] Calibrating delay loop (skipped) preset value.. 4788.91 BogoMIPS (lpj=9577824)
[   13.369481] pid_max: default: 32768 minimum: 301
[   13.370364] ACPI: Core revision 20150930
[  1.32174] ACPI: 2 ACPI AML tables successfully acquired and loaded
[   13.524028] Security Framework initialized
[   13.608175] Yama: becoming mindful.
[   13.667824] AppArmor: AppArmor initialized
[   13.713557] Dentry cache hash table entries: 262144 (order: 9, 2097152 bytes)
[   13.843180] Inode-cache hash table entries: 131072 (order: 8, 1048576 bytes)
[   13.980669] Mount-cache hash table entries: 4096 (order: 3, 32768 bytes)
[   14.004824] Mountpoint-cache hash table entries: 4096 (order: 3, 32768 bytes)
[   14.006210] Initializing cgroup subsys io
[   14.007051] Initializing cgroup subsys memory
[   14.007955] Initializing cgroup subsys devices
[   14.008827] Initializing cgroup subsys freezer
[   14.009689] Initializing cgroup subsys net_cls
[   14.010552] Initializing cgroup subsys perf_event
[   14.011470] Initializing cgroup subsys net_prio
[   14.012349] Initializing cgroup subsys hugetlb
[   14.013210] Initializing cgroup subsys pids
[   14.014123] CPU: Physical Processor ID: 0
[   14.019755] CPU: Processor Core ID: 0
[   14.088194] FEATURE SPEC_CTRL Not Present
[   14.113057] mce: CPU supports 0 MCE banks
[   14.148258] Last level iTLB entries: 4KB 1024, 2MB 1024, 4MB 1024
[   14.177026] Last level dTLB entries: 4KB 1024, 2MB 1024, 4MB 1024, 1GB 4
[   14.187900] Spectre V2 mitigation: Mitigation: Full generic retpoline
[   14.192275] Spectre V2 mitigation: Speculation control IBPB not-supported IBRS not-supported
[   14.199743] Freeing SMP alternatives memory: 32K
[   14.251453] ftrace: allocating 32186 entries in 126 pages
[   14.358502] smpboot: APIC(0) Converting physical 0 to logical package 0
[   14.440496] smpboot: Max logical packages: 1
[   14.441622] x2apic enabled
[   14.472571] Switched APIC routing to physical x2apic.
[   14.580881] ..TIMER: vector=0x30 apic1=0 pin1=2 apic2=-1 pin2=-1
[   14.819980] smpboot: CPU0: Intel(R) Core(TM) i7-4500U CPU @ 1.80GHz (family: 0x6, model: 0x45, stepping: 0x1)
[   14.831666] Performance Events: unsupported p6 CPU model 69 no PMU driver, software events only.
[   14.833475] KVM setup paravirtual spinlock
[   14.835872] x86: Booting SMP configuration:
[   14.836703] .... node  #0, CPUs:      #1
[   14.875506] kvm-clock: cpu 1, msr 0:7ffe3041, secondary cpu clock
[   14.897881] mce: CPU supports 0 MCE banks
[   14.900507] x86: Booted up 1 node, 2 CPUs
[   14.950493] smpboot: Total of 2 processors activated (9577.82 BogoMIPS)
[   14.984588] devtmpfs: initialized
[   15.024021] evm: security.selinux
[   15.087165] evm: security.SMACK64
[   15.136048] evm: security.SMACK64EXEC
[   15.138403] evm: security.SMACK64TRANSMUTE
[   15.143220] evm: security.SMACK64MMAP
[   15.144115] evm: security.ima
[   15.182044] evm: security.capability
[   15.216506] clocksource: jiffies: mask: 0xffffffff max_cycles: 0xffffffff, max_idle_ns: 7645041785100000 ns
[   15.248065] futex hash table entries: 512 (order: 3, 32768 bytes)
[   15.275226] pinctrl core: initialized pinctrl subsystem
[   15.278949] RTC time: 12:40:54, date: 03/20/18
[   15.284382] NET: Registered protocol family 16
[   15.312679] cpuidle: using governor ladder
[   15.332670] cpuidle: using governor menu
[   15.349558] PCCT header not found.
[   15.394510] ACPI: bus type PCI registered
[   15.465797] acpiphp: ACPI Hot Plug PCI Controller Driver version: 0.5
[   15.565960] PCI: Using configuration type 1 for base access
[   15.693552] ACPI: Added _OSI(Module Device)
[   15.717725] ACPI: Added _OSI(Processor Device)
[   15.730918] ACPI: Added _OSI(3.0 _SCP Extensions)
[   15.734400] ACPI: Added _OSI(Processor Aggregator Device)
[   15.740147] ACPI: Executed 1 blocks of module-level executable AML code
[   15.760764] ACPI: Interpreter enabled
[   15.776744] ACPI: (supports S0 S5)
[   15.791703] ACPI: Using IOAPIC for interrupt routing
[   15.793858] PCI: Using host bridge windows from ACPI; if necessary, use "pci=nocrs" and report a bug
[   15.803371] ACPI: PCI Root Bridge [PCI0] (domain 0000 [bus 00-ff])
[   15.805763] acpi PNP0A03:00: _OSC: OS supports [ASPM ClockPM Segments MSI]
[   15.808136] acpi PNP0A03:00: _OSC: not requesting OS control; OS requires [ExtendedConfig ASPM ClockPM MSI]
[   15.818194] acpi PNP0A03:00: fail to add MMCONFIG information, can't access extended PCI configuration space under this bridge.
[   15.823953] PCI host bridge to bus 0000:00
[   15.832540] pci_bus 0000:00: root bus resource [io  0x0000-0x0cf7 window]
[   15.836506] pci_bus 0000:00: root bus resource [io  0x0d00-0xffff window]
[   15.847536] pci_bus 0000:00: root bus resource [mem 0x000a0000-0x000bffff window]
[   15.849347] pci_bus 0000:00: root bus resource [mem 0x80000000-0xfdffffff window]
[   15.851125] pci_bus 0000:00: root bus resource [bus 00-ff]
[   15.862294] pci 0000:00:01.1: legacy IDE quirk: reg 0x10: [io  0x01f0-0x01f7]
[   15.866497] pci 0000:00:01.1: legacy IDE quirk: reg 0x14: [io  0x03f6]
[   15.901234] pci 0000:00:01.1: legacy IDE quirk: reg 0x18: [io  0x0170-0x0177]
[   15.921549] pci 0000:00:01.1: legacy IDE quirk: reg 0x1c: [io  0x0376]
[   15.960374] pci 0000:00:07.0: quirk: [io  0x4000-0x403f] claimed by PIIX4 ACPI
[   15.967769] pci 0000:00:07.0: quirk: [io  0x4100-0x410f] claimed by PIIX4 SMB
[   15.990255] ACPI: PCI Interrupt Link [LNKA] (IRQs 5 9 10 *11)
[   16.014521] ACPI: PCI Interrupt Link [LNKB] (IRQs 5 9 *10 11)
[   16.049439] ACPI: PCI Interrupt Link [LNKC] (IRQs 5 *9 10 11)
[   16.056482] ACPI: PCI Interrupt Link [LNKD] (IRQs 5 9 10 *11)
[   16.063870] ACPI: Enabled 2 GPEs in block 00 to 07
[   16.065143] vgaarb: setting as boot device: PCI:0000:00:02.0
[   16.154094] vgaarb: device added: PCI:0000:00:02.0,decodes=io+mem,owns=io+mem,locks=none
[   16.265804] vgaarb: loaded
[   16.303619] vgaarb: bridge control possible 0000:00:02.0
[   16.321223] SCSI subsystem initialized
[   16.344300] ACPI: bus type USB registered
[   16.346991] usbcore: registered new interface driver usbfs
[   16.348393] usbcore: registered new interface driver hub
[   16.359584] usbcore: registered new device driver usb
[   16.365998] PCI: Using ACPI for IRQ routing
[   16.411529] NetLabel: Initializing
[   16.457112] NetLabel:  domain hash size = 128
[   16.534990] NetLabel:  protocols = UNLABELED CIPSOv4
[   16.626408] NetLabel:  unlabeled traffic allowed by default
[   16.704753] amd_nb: Cannot enumerate AMD northbridges
[   16.794578] clocksource: Switched to clocksource kvm-clock
[   .908 AArr:ppmoFisyemnaled
  17187]npPnAC it
[  .780] p:nPCP: un3 vis
[   18.310707] clocksource: acpi_pm: mask: 0xffffff max_cycles: 0xffffff, max_idle_ns: 2085701024 ns
[   18.316887] NET: Registered protocol family 2
[   18.317863] TCP established hash table entries: 16384 (order: 5, 131072 bytes)
[   18.453950] TCP bind hash table entries: 16384 (order: 6, 262144 bytes)
[   18.459324] TCP: Hash tables configured (established 16384 bind 16384)
[   18.466035] UDP hash table entries: 1024 (order: 3, 32768 bytes)
[   18.468995] UDP-Lite hash table entries: 1024 (order: 3, 32768 bytes)
[   18.472066] NET: Registered protocol family 1
[   18.480188] pci 0000:00:00.0: Limiting direct PCI/PCI transfers
[   18.483542] pci 0000:00:01.0: Activating ISA DMA hang workarounds
[   18.491786] Unpacking initramfs...
[   20.217707] Freeing initrd memory: 10844K
[   20.244742] RAPL PMU detected, API unit is 2^-32 Joules, 4 fixed counters 10737418240 ms ovfl timer
[   20.363064] hw unit of domain pp0-core 2^-0 Joules
[   20.470536] hw unit of domain package 2^-0 Joules
[   20.515436] hw unit of domain dram 2^-0 Joules
[   20.520212] hw unit of domain pp1-gpu 2^-0 Joules
[   20.521218] platform rtc_cmos: registered platform RTC device (no PNP device found)
[   20.555366] Scanning for low memory corruption every 60 seconds
[   20.560377] audit: initializing netlink subsys (disabled)
[   20.592824] audit: type=2000 audit(1521549647.936:1): initialized
[   20.631963] Initialise system trusted keyring
[   20.634299] HugeTLB registered 2 MB page size, pre-allocated 0 pages
[   20.695517] zbud: loaded
[   20.707363] VFS: Disk quotas dquot_6.6.0
[   20.712910] VFS: Dquot-cache hash table entries: 512 (order 0, 4096 bytes)
[   20.718140] squashfs: version 4.0 (2009/01/31) Phillip Lougher
[   20.791361] fuse init (API version 7.23)
[   20.857515] Key type big_key registered
[   20.938546] Allocating IMA MOK and blacklist keyrings.
[   21.063326] Key type asymmetric registered
[   21.106928] Asymmetric key parser 'x509' registered
[   21.109849] Block layer SCSI generic (bsg) driver version 0.4 loaded (major 249)
[   21.176465] io scheduler noop registered
[   21.253334] io scheduler deadline registered (default)
[   21.283014] io scheduler cfq registered
[   21.283901] pci_hotplug: PCI Hot Plug PCI Core version: 0.5
[   21.284929] pciehp: PCI Express Hot Plug Controller Driver version: 0.4
[   21.286251] ACPI: AC Adapter [AC] (on-line)
[   21.314075] input: Power Button as /devices/LNXSYSTM:00/LNXPWRBN:00/input/input0
[   21.455955] ACPI: Power Button [PWRF]
[   21.547607] tsc: Refined TSC clocksource calibration: 2395.266 MHz
[   21.625892] clocksource: tsc: mask: 0xffffffffffffffff max_cycles: 0x2286bf5f1d4, max_idle_ns: 440795269651 ns
[   21.625987] input: Sleep Button as /devices/LNXSYSTM:00/LNXSLPBN:00/input/input1
[   21.625990] ACPI: Sleep Button [SLPF]
[   21.667269] GHES: HEST is not enabled!
[   21.668248] ACPI: Battery Slot [BAT0] (battery present)
[   21.695619] Serial: 8250/16550 driver, 32 ports, IRQ sharing enabled
[   21.720201] 00:02: ttyS0 at I/O 0x3f8 (irq = 4, base_baud = 115200) is a 16550A
[   21.730940] Linux agpgart interface v0.103
[   21.736330] loop: module loaded
[   21.736835] scsi host0: ata_piix
[   21.736919] scsi host1: ata_piix
[   21.736952] ata1: PATA max UDMA/33 cmd 0x1f0 ctl 0x3f6 bmdma 0xd000 irq 14
[   21.736953] ata2: PATA max UDMA/33 cmd 0x170 ctl 0x376 bmdma 0xd008 irq 15
[   21.737028] libphy: Fixed MDIO Bus: probed
[   21.737030] tun: Universal TUN/TAP device driver, 1.6
[   21.737031] tun: (C) 1999-2004 Max Krasnyansky <maxk@qualcomm.com>
[   21.737343] PPP generic driver version 2.4.2
[   21.737397] ehci_hcd: USB 2.0 'Enhanced' Host Controller (EHCI) Driver
[   21.737401] ehci-pci: EHCI PCI platform driver
[   21.737409] ehci-platform: EHCI generic platform driver
[   21.737417] ohci_hcd: USB 1.1 'Open' Host Controller (OHCI) Driver
[   21.737420] ohci-pci: OHCI PCI platform driver
[   21.737428] ohci-platform: OHCI generic platform driver
[   21.737434] uhci_hcd: USB Universal Host Controller Interface driver
[   21.737485] i8042: PNP: PS/2 Controller [PNP0303:PS2K,PNP0f03:PS2M] at 0x60,0x64 irq 1,12
[   21.737975] serio: i8042 KBD port at 0x60,0x64 irq 1
[   21.737978] serio: i8042 AUX port at 0x60,0x64 irq 12
[   21.738074] mousedev: PS/2 mouse device common for all mice
[   21.738390] input: AT Translated Set 2 keyboard as /devices/platform/i8042/serio0/input/input2
[   21.738720] rtc_cmos rtc_cmos: rtc core: registered rtc_cmos as rtc0
[   21.738775] rtc_cmos rtc_cmos: alarms up to one day, 114 bytes nvram
[   21.738781] i2c /dev entries driver
[   21.738841] device-mapper: uevent: version 1.0.3
[   21.738891] device-mapper: ioctl: 4.34.0-ioctl (2015-10-28) initialised: dm-devel@redhat.com
[   21.738913] ledtrig-cpu: registered to indicate activity on CPUs
[   21.739429] NET: Registered protocol family 10
[   21.739563] NET: Registered protocol family 17
[   21.739576] Key type dns_resolver registered
[   21.739710] microcode: CPU0 sig=0x40651, pf=0x40, revision=0x0
[   21.739967] microcode: CPU1 sig=0x40651, pf=0x40, revision=0x0
[   21.739997] microcode: Microcode Update Driver: v2.01 <tigran@aivazian.fsnet.co.uk>, Peter Oruba
[   21.740105] registered taskstats version 1
[   21.740118] Loading compiled-in X.509 certificates
[   21.740813] Loaded X.509 cert 'Build time autogenerated kernel key: aa84f01984fbd529c105810b59e379d349698248'
[   21.740833] zswap: loaded using pool lzo/zbud
[   21.742462] Key type trusted registered
[   21.745289] Key type encrypted registered
[   21.745293] AppArmor: AppArmor sha1 policy hashing enabled
[   21.745296] ima: No TPM chip found, activating TPM-bypass!
[   21.745310] evm: HMAC attrs: 0x1
[   21.745549]   Magic number: 10:887:683
[   21.745829] rtc_cmos rtc_cmos: setting system clock to 2018-03-20 12:41:00 UTC (1521549660)
[   21.745901] BIOS EDD facility v0.16 2004-Jun-25, 0 devices found
[   21.745902] EDD information not available.
[   22.397528] Freeing unused kernel memory: 1508K
[   23.438873] Write protecting the kernel read-only data: 14336k
[   23.523902] Freeing unused kernel memory: 1700K
[   23.583477] Freeing unused kernel memory: 104K
Loading, please wait...
[   23.617865] random: systemd-udevd: uninitialized urandom read (16 bytes read, 3 bits of entropy available)
starting version[   23.618470] random: udevadm: uninitialized urandom read (16 bytes read, 3 bits of entropy available)
 229
[   23.618495] random: udevadm: uninitialized urandom read (16 bytes read, 3 bits of entropy available)
[   23.628798] random: udevadm: uninitialized urandom read (16 bytes read, 3 bits of entropy available)
[   23.628846] random: udevadm: uninitialized urandom read (16 bytes read, 3 bits of entropy available)
[   23.629015] random: udevadm: uninitialized urandom read (16 bytes read, 3 bits of entropy available)
[   23.629078] random: udevadm: uninitialized urandom read (16 bytes read, 3 bits of entropy available)
[   23.629139] random: udevadm: uninitialized urandom read (16 bytes read, 3 bits of entropy available)
[   23.629202] random: udevadm: uninitialized urandom read (16 bytes read, 3 bits of entropy available)
[   23.629263] random: udevadm: uninitialized urandom read (16 bytes read, 3 bits of entropy available)
[   24.194743] e1000: Intel(R) PRO/1000 Network Driver - version 7.3.21-k8-NAPI
[   24.204579] e1000: Copyright (c) 1999-2006 Intel Corporation.
[   24.209395] Fusion MPT base driver 3.04.20
[   24.210589] Copyright (c) 1999-2008 LSI Corporation
[   24.217215] Fusion MPT SPI Host driver 3.04.20
[   24.258224] AVX2 version of gcm_enc/dec engaged.
[   24.265918] AES CTR mode by8 optimization enabled
[   24.445915] input: ImExPS/2 Generic Explorer Mouse as /devices/platform/i8042/serio1/input/input4
[   24.591550] e1000 0000:00:03.0 eth0: (PCI:33MHz:32-bit) 02:27:b7:20:75:f7
[   24.601492] e1000 0000:00:03.0 eth0: Intel(R) PRO/1000 Network Connection
[   24.606831] mptbase: ioc0: Initiating bringup
[   24.624391] e1000 0000:00:03.0 enp0s3: renamed from eth0
[   24.767622] ioc0: LSI53C1030 A0: Capabilities={Initiator}
[   25.021726] scsi host2: ioc0: LSI53C1030 A0, FwRev=00000000h, Ports=1, MaxQ=256, IRQ=20
[   25.263472] scsi 2:0:0:0: Direct-Access     VBOX     HARDDISK         1.0  PQ: 0 ANSI: 5
[   25.377393] scsi target2:0:0: Beginning Domain Validation
[   25.482196] scsi target2:0:0: Domain Validation skipping write tests
[   25.484354] scsi target2:0:0: Ending Domain Validation
[   25.485357] scsi target2:0:0: asynchronous
[   25.486487] scsi 2:0:1:0: Direct-Access     VBOX     HARDDISK         1.0  PQ: 0 ANSI: 5
[   25.545485] scsi target2:0:1: Beginning Domain Validation
[   25.637608] scsi target2:0:1: Domain Validation skipping write tests
[   26.339175] scsi target2:0:1: Ending Domain Validation
[   26.391347] scsi target2:0:1: asynchronous
[   26.402512] sd 2:0:0:0: Attached scsi generic sg0 type 0
[   26.427745] sd 2:0:0:0: [sda] 20971520 512-byte logical blocks: (10.7 GB/10.0 GiB)
[   26.555549] sd 2:0:1:0: Attached scsi generic sg1 type 0
[   26.555888] sd 2:0:1:0: [sdb] 20480 512-byte logical blocks: (10.5 MB/10.0 MiB)
[   26.556014] sd 2:0:1:0: [sdb] Write Protect is off
[   26.556097] sd 2:0:1:0: [sdb] Incomplete mode parameter data
[   26.556098] sd 2:0:1:0: [sdb] Assuming drive cache: write through
[   26.593844] sd 2:0:0:0: [sda] Write Protect is off
[   26.593957] sd 2:0:0:0: [sda] Incomplete mode parameter data
[   26.593959] sd 2:0:0:0: [sda] Assuming drive cache: write through
[   26.595254]  sda: sda1
[   26.595499] sd 2:0:1:0: [sdb] Attached SCSI disk
[   26.596108] sd 2:0:0:0: [sda] Attached SCSI disk
[   27.269672] floppy0: no floppy controllers found
Begin: Loading e[   28.732032] md: linear personality registered for level -1
ssential drivers ... [   28.744801] md: multipath personality registered for level -4
[   28.800254] md: raid0 personality registered for level 0
[   28.900016] md: raid1 personality registered for level 1
[   29.046882] raid6: sse2x1   gen()  8567 MB/s
[   29.198963] raid6: sse2x1   xor()  6893 MB/s
[   29.274694] raid6: sse2x2   gen()  8978 MB/s
[   29.402769] raid6: sse2x2   xor()  7673 MB/s
[   29.478992] raid6: sse2x4   gen() 12449 MB/s
[   29.607067] raid6: sse2x4   xor()  9337 MB/s
[   29.718656] raid6: avx2x1   gen() 17488 MB/s
[   29.883235] raid6: avx2x2   gen() 20460 MB/s
[   29.982955]]raid6: avx2x4   gen() 22023 MB/s
[   30.043302] raid6: using algorithm avx2x4 gen() 22023 MB/s
[   30.133218] raid6: using avx2x2 recovery algorithm
[   30.193051] xor: automatically using best checksumming function:
[   30.319270]    avx       : 18315.000 MB/sec
[   30.374154] async_tx: api initialized (async)
[   30.443066] md: raid6 personality registered for level 6
[   30.539650] md: raid5 personality registered for level 5
[   30.600241] md: raid4 personality registered for level 4
[   30.672024] md: raid10 personality registered for level 10
done.
Begin: Running /scripts/init-premount ... done.
Begin: Mounting[   30.805727] Btrfs loaded
 root file system ... Begin: Running /scripts/local-top ... done.
Begin: Running /scripts/local-premount ... Scanning for Btrfs filesystems
done.
Warning: fsck no[   30.901960] EXT4-fs (sda1): mounted filesystem with ordered data mode. Opts: (null)
t present, so skipping root file system
done.
Begin: Running /scripts/local-bottom ... done.
Begin: Running /scripts/init-bottom ... done.
[   31.145194] systemd[1]: systemd 229 running in system mode. (+PAM +AUDIT +SELINUX +IMA +APPARMOR +SMACK +SYSVINIT +UTMP +LIBCRYPTSETUP +GCRYPT +GNUTLS +ACL +XZ -LZ4 +SECCOMP +BLKID +ELFUTILS +KMOD -IDN)
[   31.312512] systemd[1]: Detected virtualization oracle.
[   31.342641] systemd[1]: Detected architecture x86-64.

Welcome to [1mUbuntu 16.04.4 LTS[0m!

[   31.375366] systemd[1]: Set hostname to <ubuntu>.
[   31.385869] systemd[1]: Initializing machine ID from random generator.
[   31.388707] systemd[1]: Installed transient /etc/machine-id file.
[   31.534040] systemd[1]: Started Forward Password Requests to Wall Directory Watch.
[[0;32m  OK  [0m] Started Forward Password Requests to Wall Directory Watch.
[   31.644940] systemd[1]: Created slice User and Session Slice.
[[0;32m  OK  [0m] Created slice User and Session Slice.
[   31.767617] systemd[1]: Listening on Journal Audit Socket.
[[0;32m  OK  [0m] Listening on Journal Audit Socket.
[   31.919345] systemd[1]: Listening on udev Kernel Socket.
[[0;32m  OK  [0m] Listening on udev Kernel Socket.
[   32.115774] systemd[1]: Reached target Encrypted Volumes.
[[0;32m  OK  [0m] Reached target Encrypted Volumes.
[   32.335646] systemd[1]: Listening on LVM2 metadata daemon socket.
[[0;32m  OK  [0m] Listening on LVM2 metadata daemon socket.
[   32.436464] systemd[1]: Reached target Swap.
[[0;32m  OK  [0m] Reached target Swap.
[   32.467586] systemd[1]: Listening on Device-mapper event daemon FIFOs.
[[0;32m  OK  [0m] Listening on Device-mapper event daemon FIFOs.
[   32.538891] systemd[1]: Reached target User and Group Name Lookups.
[[0;32m  OK  [0m] Reached target User and Group Name Lookups.
[   32.741404] systemd[1]: Listening on Syslog Socket.
[[0;32m  OK  [0m] Listening on Syslog Socket.
[   32.786419] systemd[1]: Started Trigger resolvconf update for networkd DNS.
[[0;32m  OK  [0m] Started Trigger resolvconf update for networkd DNS.
[   33.020056] systemd[1]: Listening on Journal Socket.
[[0;32m  OK  [0m] Listening on Journal Socket.
[   33.171785] systemd[1]: Listening on udev Control Socket.
[[0;32m  OK  [0m] Listening on udev Control Socket.
[   33.251725] systemd[1]: Set up automount Arbitrary Executable File Formats File System Automount Point.
[[0;32m  OK  [0m] Set up automount Arbitrary Executab...ats File System Automount Point.
[   33.455487] systemd[1]: Listening on /dev/initctl Compatibility Named Pipe.
[[0;32m  OK  [0m] Listening on /dev/initctl Compatibility Named Pipe.
[   33.536044] systemd[1]: Created slice System Slice.
[[0;32m  OK  [0m] Created slice System Slice.
[   33.579511] systemd[1]: Starting Nameserver information manager...
         Starting Nameserver information manager...
[   33.695829] systemd[1]: Starting Remount Root and Kernel File Systems...
[   33.700030] EXT4-fs (sda1): re-mounted. Opts: (null)
         Starting Remount Root and Kernel File Systems...
[   33.911196] systemd[1]: Mounting Debug File System...
         Mounting Debug File System...
[   33.979505] systemd[1]: Mounting POSIX Message Queue File System...
         Mounting POSIX Message Queue File System...
[   34.111671] systemd[1]: Starting Uncomplicated firewall...
         Starting Uncomplicated firewall...
[   34.235654] systemd[1]: Starting Set console keymap...
         Starting Set console keymap...
[   34.287276] systemd[1]: Starting Monitoring of LVM2 mirrors, snapshots etc. using dmeventd or progress polling...
[   34.289857] random: nonblocking pool is initialized
         Starting Monitoring of LVM2 mirrors... dmeventd or progress polling...
[   34.431175] systemd[1]: Mounting Huge Pages File System...
         Mounting Huge Pages File System...
[   34.539759] systemd[1]: Created slice system-serial\x2dgetty.slice.
[[0;32m  OK  [0m] Created slice system-serial\x2dgetty.slice.
[   34.596991] systemd[1]: Listening on LVM2 poll daemon socket.
[[0;32m  OK  [0m] Listening on LVM2 poll daemon socket.
[   34.638913] systemd[1]: Reached target Slices.
[[0;32m  OK  [0m] Reached target Slices.
[   34.683503] systemd[1]: Starting Create list of required static device nodes for the current kernel...
         Starting Create list of required st... nodes for the current kernel...
[   34.890208] systemd[1]: Listening on Journal Socket (/dev/log).
[[0;32m  OK  [0m] Listening on Journal Socket (/dev/log).
[   35.046824] systemd[1]: Starting Journal Service...
         Starting Journal Service...
[   35.099600] systemd[1]: Starting Load Kernel Modules...
         Startin[   35.123904] Loading iSCSI transport class v2.0-870.
g Load Kernel Mo[   35.208429] iscsi: registered trannport (tcp)
dules...
[   35.314565] iscsi: registered transport (iser)
[   35.368653] systemd[1]: Mounted POSIX Message Queue File System.
[[0;32m  OK  [0m] Mounted POSIX Message Queue File System.
[   35.419727] systemd[1]: Mounted Huge Pages File System.
[[0;32m  OK  [0m] Mounted Huge Pages File System.
[   35.555393] systemd[1]: Mounted Debug File System.
[[0;32m  OK  [0m] Mounted Debug File System.
[   35.651180] systemd[1]: Started Journal Service.
[[0;32m  OK  [0m] Started Journal Service.
[[0;32m  OK  [0m] Started Remount Root and Kernel File Systems.
[[0;32m  OK  [0m] Started Uncomplicated firewall.
[[0;32m  OK  [0m] Started Set console keymap.
[[0;32m  OK  [0m] Started Create list of required sta...ce nodes for the current kernel.
[[0;32m  OK  [0m] Started Load Kernel Modules.
[[0;32m  OK  [0m] Started Nameserver information manager.
[[0;32m  OK  [0m] Started LVM2 metadata daemon.
         Starting Apply Kernel Variables...
         Mounting FUSE Control File System...
         Starting Create Static Device Nodes in /dev...
         Starting Load/Save Random Seed...
         Starting Initial cloud-init job (pre-networking)...
         Starting udev Coldplug all Devices...
         Starting Flush Journal to Persistent Storage...
[[0;32m  OK  [0m] Mounted FUSE Control File System.
[[0;32m  OK  [0m] Started Monitoring of LVM2 mirrors,...ng dmeventd or progress polling.
[[0;32m  OK  [0m] Started Apply Kernel Variables.
[[0;32m  OK  [0m] Started Create Static Device Nodes in /dev.
[[0;32m  OK  [0m] Started Load/Save Random Seed.
[[0;32m  OK  [0m] Started Flush Journal to Persistent Storage.
[[0;32m  OK  [0m] Started udev Coldplug all Devices.
         Starting udev Kernel Device Manager...
[[0;32m  OK  [0m] Started udev Kernel Device Manager.
[[0;32m  OK  [0m] Started Dispatch Password Requests to Console Directory Watch.
[[0;32m  OK  [0m] Reached target Local File Systems (Pre).
[[0;32m  OK  [0m] Reached target Local File Systems.
         Starting LSB: AppArmor initialization...
         Starting Tell Plymouth To Write Out Runtime Data...
         Starting Create Volatile Files and Directories...
         Starting Commit a transient machine-id on disk...
         Starting Set console font and keymap...
[[0;32m  OK  [0m] Started Tell Plymouth To Write Out Runtime Data.
[[0;32m  OK  [0m] Started Create Volatile Files and Directories.
[[0;32m  OK  [0m] Started Commit a transient machine-id on disk.
         Starting Update UTMP about System Boot/Shutdown...
[[0;32m  OK  [0m] Reached target System Time Synchronized.
[[0;32m  OK  [0m] Started Update UTMP about System Boot/Shutdown.
[[0;32m  OK  [0m] Found device /dev/ttyS0.
[[0;32m  OK  [0m] Listening on Load/Save RF Kill Switch Status /dev/rfkill Watch.
[   21.532785] cloud-init[452]: Cloud-init v. 17.1 running 'init-local' at Tue, 20 Mar 2018 12:41:15 +0000. Up 20.92 seconds.
[[0;32m  OK  [0m] Started Initial cloud-init job (pre-networking).
[[0;32m  OK  [0m] Started LSB: AppArmor initialization.
[[0;32m  OK  [0m] Reached target Network (Pre).
         Starting Raise network interfaces...
[[0;32m  OK  [0m] Started Set console font and keymap.
[[0;32m  OK  [0m] Created slice system-getty.slice.
[[0;32m  OK  [0m] Started Raise network interfaces.
[[0;32m  OK  [0m] Reached target Network.
         Starting Initial cloud-init job (metadata service crawler)...
[   24.956265] cloud-init[936]: Cloud-init v. 17.1 running 'init' at Tue, 20 Mar 2018 12:41:19 +0000. Up 24.36 seconds.
[   25.065883] [cloud-init[0;32m  OK  [0m[936]: ] ci-info: +++++++++++++++++++++++++++++++++++++Net device info++++++++++++++++++++++++++++++++++++++Started Initial cloud-init job (metadata service crawler).

[   25.066650] cloud-init[936]: ci-info: +--------+------+----------------------------+---------------+-------+-------------------+
[   25.413238] [cloud-init[0;32m  OK  [0m[936]: ] ci-info: | Device |  Up  |          Address           |      Mask     | Scope |     Hw-Address    |Reached target Cloud-config availability.

[   25.415010] [cloud-init[0;32m  OK  [0m[936]: ] ci-info: +--------+------+----------------------------+---------------+-------+-------------------+Reached target System Initialization.

[   25.586900] [[0;32m  OK  [0m] Listening on UUID daemon activation socket.
cloud-init[936]: ci-info: | enp0s3 | True |         10.0.2.15          | 255.255.255.0 |   .   | 02:27:b7:20:75:f7 |
         Starting Socket activation for snappy daemon.
[   25.923899] cloud-init[936]: ci-info: | enp0s3 | True | fe80::27:b7ff:fe20:75f7/64 |       .       |  link | 02:27:b7:20:75:f7 |
[   26.108585] [cloud-init[0;32m  OK  [0m[936]: ] ci-info: |   lo   | True |         127.0.0.1          |   255.0.0.0   |   .   |         .         |Started Daily Cleanup of Temporary Directories.

[[0;32m  OK  [0m] Started Daily apt download activities.
[[0;32m  OK  [0m] Started Daily apt upgrade and clean activities.
[   26.109358] cloud-init[936]: ci-info: |   lo   | True |          ::1/128           |       .       |  host |         .         |
[   26.473546] [[0;32m  OK  [0m] Started Timer to automatically refresh installed snaps.
[[0;32m  OK  [0m] Listening on ACPID Listen Socket.
cloud-init[936]: ci-info: +--------+------+----------------------------+---------------+-------+-------------------+
[   26.688809]          cloud-initStarting LXD - unix socket.[936]: 
ci-info: +++++++++++++++++++++++++++Route IPv4 info++++++++++++++++++++++++++++
[   26.820644] [cloud-init[0;32m  OK  [0m[936]: ] ci-info: +-------+-------------+----------+---------------+-----------+-------+Listening on D-Bus System Message Bus Socket.

[   26.886175] [cloud-init[0;32m  OK  [0m[936]: ] ci-info: | Route | Destination | Gateway  |    Genmask    | Interface | Flags |Started ACPI Events Check.

[   26.886720] [cloud-init[0;32m  OK  [0m[936]: ] ci-info: +-------+-------------+----------+---------------+-----------+-------+Reached target Paths.

[   27.062427] [cloud-init[0;32m  OK  [0m[936]: ] ci-info: |   0   |   0.0.0.0   | 10.0.2.2 |    0.0.0.0    |   enp0s3  |   UG  |Reached target Timers.

[   27.063475] [cloud-init[0;32m  OK  [0m[936]: ] ci-info: |   1   |   10.0.2.0  | 0.0.0.0  | 255.255.255.0 |   enp0s3  |   U   |Reached target Network is Online.

[   27.129570] cloud-init[936]: ci-info: +-------+-------------+----------+---------------+-----------+-------+
[   27.285090]          cloud-initStarting iSCSI initiator daemon (iscsid)...[936]: 
Generating public/private rsa key pair.
[   27.371022] [cloud-init[0;32m  OK  [0m[936]: ] Your identification has been saved in /etc/ssh/ssh_host_rsa_key.Listening on Socket activation for snappy daemon.

[   27.371991] cloud-init[936]: Your public key has been saved in /etc/ssh/ssh_host_rsa_key.pub.
[[0;32m  OK  [0m] Listening on LXD - unix socket.
[   27.473677] cloud-init[936]: The key fingerprint is:
[   27.547493] [[0;32m  OK  [0m] Started iSCSI initiator daemon (iscsid).
cloud-init[936]: SHA256:lDO0enJrRMFuf02l8HjY6OGt3TEL6jGIOAmlK4ddSkM root@ubuntu-xenial
[   27.606925]          cloud-initStarting Login to default iSCSI targets...[936]: 
The key's randomart image is:
[   27.650005] [cloud-init[0;32m  OK  [0m[936]: ] +---[RSA 2048]----+Reached target Sockets.

[   27.650691] [[0;32m  OK  [0m] Reached target Basic System.
cloud-init[936]: |       .o        |
[   27.712476] [cloud-init[0;32m  OK  [0m[936]: ] |       ..+  .   .|Started ACPI event daemon.

[   27.713078] cloud-init[936]: |   E . .B    B o |
[   27.760509] cloud-init[936]: |  . o  +oo  = *  |
         Starting LSB: MD monitoring daemon...
[   27.785847] [cloud-init[0;32m  OK  [0m[936]: ] |   = .o.S. o *   |Started Unattended Upgrades Shutdown.

[   27.872935] cloud-init[936]: |  + * o=..o +.oo |
[   27.884726] cloud-init[936]: | o = + .o. +.o..+|
[[0;32m  OK  [0m] Started Regular background program processing daemon.
[   27.901276] cloud-init[936]: |  o   ..   .+ ...|
[   27.949981] cloud-init[936]: |          ..     |
[   27.966990] cloud-init[936]: +----[SHA256]-----+
[   27.987169] cloud-init[936]: Generating public/private dsa key pair.
[   28.000658] cloud-init[936]: Your identification has been saved in /etc/ssh/ssh_host_dsa_key.
[   28.003714] cloud-init[936]: Your public key has been saved in /etc/ssh/ssh_host_dsa_key.pub.
[[0;32m  OK  [0m] Started D-Bus System Message Bus.
[   28.074426] cloud-init[936]: The key fingerprint is:
[   28.132683]          cloud-initStarting LXD - container startup/shutdown...[936]: 
SHA256:3+qYZ7gD5ErhbC8gLR/V0PyeO3HWPZlETpmNhI4qj7U root@ubuntu-xenial
[   28.196419]          cloud-initStarting /etc/rc.local Compatibility...[936]: 
The key's randomart image is:
[   28.209901] cloud-init[936]: +---[DSA 1024]----+
[[0;32m  OK  [0m] Started Deferred execution scheduler.
[   28.213188] cloud-init[936]: |     o       o.= |
[   28.243253]          cloud-initStarting LSB: Record successful boot for GRUB...[936]: 
|    . o     . * .|
[   28.272599]          cloud-initStarting Login Service...[936]: 
|     o .   o +   |
[   28.301115] [cloud-init[0;32m  OK  [0m[936]: ] |    o o . . . o  |Started FUSE filesystem for LXC.

[   28.337371]          cloud-initStarting Accounts Service...[936]: 
| . + + .So . o o |
         Starting System Logging Service...
[   28.378684] cloud-init[936]: |o + = + *.o.. =  |
[   28.404852]          cloud-initStarting Pollinate to seed the pseudo random number generator...[936]: 
| + = o * B. .  . |
[   28.431734]          Starting Apply the settings specified in cloud-config...
cloud-init[936]: |  . o o Eoo.     |
[   28.437050] cloud-init[936]: |     .  +Bo      |
[   28.443775] cloud-init[936]: +----[SHA256]-----+
[   28.460455]          cloud-initStarting Snappy daemon...[936]: 
Generating public/private ecdsa key pair.
[   28.516877] [cloud-init[0;32m  OK  [0m[936]: ] Your identification has been saved in /etc/ssh/ssh_host_ecdsa_key.Started System Logging Service.

[   28.564624] [cloud-init[0;32m  OK  [0m[936]: ] Your public key has been saved in /etc/ssh/ssh_host_ecdsa_key.pub.Started LXD - container startup/shutdown.

[   28.565175] cloud-init[936]: The key fingerprint is:
[   28.658246] [[0;32m  OK  [0m] Started /etc/rc.local Compatibility.
[[0;32m  OK  [0m] Started Snappy daemon.
cloud-init[936]: SHA256:HI8jKIPJP+KrCcB7zh5sJx+2yJHO2HYBClcrgO2p3GM root@ubuntu-xenial
[   28.685016] cloud-init[936]: The key's randomart image is:
[   28.687261] cloud-init[936]: +---[ECDSA 256]---+
[   28.690356] cloud-init[936]: |..               |
[   28.694362] cloud-init[936]: |o . .            |
[   28.697911] cloud-init[936]: | o o .  .        |
[   28.707914] cloud-init[936]: |+o=... . +       |
[   28.745376] [cloud-init[0;32m  OK  [0m[936]: ] |*==.o . S .      |Started LSB: MD monitoring daemon.

[   28.745994] cloud-init[936]: |oo+E.. . .       |
[   28.811588] [[0;32m  OK  [0m] Started Login to default iSCSI targets.
cloud-init[936]: |.o.@.+.          |
[   28.843608] [cloud-init[0;32m  OK  [0m[936]: ] |o.%.X.o          |Started LSB: Record successful boot for GRUB.

[   28.844126] cloud-init[936]: |+++X.o           |
[   28.876914] cloud-init[936]: +----[SHA256]-----+
[   28.881293] cloud-init[936]: Generating public/private ed25519 key pair.
[[0;32m  OK  [0m] Started Pollinate to seed the pseudo random number generator.
[   28.885892] cloud-init[936]: Your identification has been saved in /etc/ssh/ssh_host_ed25519_key.
[   28.910242] cloud-init[936]: Your public key has been saved in /etc/ssh/ssh_host_ed25519_key.pub.
[   28.920892] cloud-init[936]: The key fingerprint is:
[[0;32m  OK  [0m] Started Login Service.
[   28.933169] cloud-init[936]: SHA256:qMboug3EJLUsBiMsWh6DLibNFBtJf9SyDBrEMStAq1Y root@ubuntu-xenial
         Starting Authenticate and Authorize Users to Run Privileged Tasks...
         Starting OpenBSD Secure Shell server...
[[0;32m  OK  [0m] Reached target Remote File Systems (Pre).
[[0;32m  OK  [0m] Reached target Remote File Systems.
         Starting LSB: Set the CPU Frequency Scaling governor to "ondemand"...
         Starting LSB: automatic crash report generation...
         Starting Permit User Sessions...
         Starting LSB: daemon to balance interrupts for SMP systems...
         Starting LSB: VirtualBox Linux Additions...
[   28.952916] cloud-init[936]: The key's randomart image is:
[[0;32m  OK  [0m] Started Permit User Sessions.
[[0;32m  OK  [0m] Started OpenBSD Secure Shell server.
[[0;32m  OK  [0m] Started Authenticate and Authorize Users to Run Privileged Tasks.
[[0;32m  OK  [0m] Started Accounts Service.
[   29.067021] cloud-init[936]: +--[ED25519 256]--+
[   29.159034] cloud-init[936]: |B*O+  ..         |
[   29.165793] cloud-init[936]: |*=XB... .        |
         Starting Terminate Plymouth Boot Screen...
         Starting Hold until boot process finishes up...
[[0;32m  OK  [0m] Started LSB: Set the CPU Frequency Scaling governor to "ondemand".
[[0;32m  OK  [0m] Started LSB: automatic crash report generation.
[[0;32m  OK  [0m] Started LSB: daemon to balance interrupts for SMP systems.
[[0;32m  OK  [0m] Started LSB: VirtualBox Linux Additions.
[[0;32m  OK  [0m] Started Terminate Plymouth Boot Screen.
[[0;32m  OK  [0m] Started Hold until boot process finishes up.
[   29.183998] cloud-init[936]: |BX=E.o.o         |
[   29.333684] cloud-init[936]: |X=*  .o.         |
[   29.337984] cloud-init[936]: |=+    . S        |
[   29.349051] cloud-init[936]: |o  o .           |
[   29.360840] cloud-init[936]: |. . +            |
[   29.372640] cloud-init[936]: | + .             |
[   29.380526] cloud-init[936]: |ooo              |
[   29.392967] cloud-init[936]: +----[SHA256]-----+
[[0;32m  OK  [0m] Started Serial Getty on ttyS0.
         Starting Set console scheme...
[[0;32m  OK  [0m] Started Getty on tty1.
[[0;32m  OK  [0m] Reached target Login Prompts.
[[0;32m  OK  [0m] Reached target Multi-User System.
[[0;32m  OK  [0m] Reached target Graphical Interface.
[   29.451950] cloud-init[1090]: Generating locales (this might take a while)...
         Starting Update UTMP about System Runlevel Changes...
[[0;32m  OK  [0m] Started Set console scheme.
[[0;32m  OK  [0m] Started Update UTMP about System Runlevel Changes.
[   30.225703] cloud-init[1090]:   en_US.UTF-8... done
[   30.238066] cloud-init[1090]: Generation complete.
[[0;32m  OK  [0m] Created slice User Slice of vagrant.
         Starting User Manager for UID 1000...
[[0;32m  OK  [0m] Started Session 1 of user vagrant.
[[0;32m  OK  [0m] Started User Manager for UID 1000.
[   30.688983] cloud-init[1090]: Cloud-init v. 17.1 running 'modules:config' at Tue, 20 Mar 2018 12:41:24 +0000. Up 29.02 seconds.
[[0;32m  OK  [0m] Started Apply the settings specified in cloud-config.
         Starting Execute cloud user/final scripts...
ci-info: no authorized ssh keys fingerprints found for user ubuntu.
<14>Mar 20 12:41:26 ec2: 
<14>Mar 20 12:41:26 ec2: #############################################################
<14>Mar 20 12:41:26 ec2: -----BEGIN SSH HOST KEY FINGERPRINTS-----
<14>Mar 20 12:41:26 ec2: 1024 SHA256:3+qYZ7gD5ErhbC8gLR/V0PyeO3HWPZlETpmNhI4qj7U root@ubuntu-xenial (DSA)
<14>Mar 20 12:41:26 ec2: 256 SHA256:HI8jKIPJP+KrCcB7zh5sJx+2yJHO2HYBClcrgO2p3GM root@ubuntu-xenial (ECDSA)
<14>Mar 20 12:41:26 ec2: 256 SHA256:qMboug3EJLUsBiMsWh6DLibNFBtJf9SyDBrEMStAq1Y root@ubuntu-xenial (ED25519)
<14>Mar 20 12:41:26 ec2: 2048 SHA256:lDO0enJrRMFuf02l8HjY6OGt3TEL6jGIOAmlK4ddSkM root@ubuntu-xenial (RSA)
<14>Mar 20 12:41:26 ec2: -----END SSH HOST KEY FINGERPRINTS-----
<14>Mar 20 12:41:26 ec2: #############################################################
-----BEGIN SSH HOST KEY KEYS-----
ecdsa-sha2-nistp256 AAAAE2VjZHNhLXNoYTItbmlzdHAyNTYAAAAIbmlzdHAyNTYAAABBBMzffA+L9Wr9NoVLILzzXc97yb52egsGMcZusilEqgOBLvbMyGib7aNfibfhObKjkwwKUzbNCkAMAMCCPoLLLy8= root@ubuntu-xenial
ssh-ed25519 AAAAC3NzaC1lZDI1NTE5AAAAIFvs2cvTsYWzd+vfmqhTV1z5aeowgbFGLSqUsCLgA4D4 root@ubuntu-xenial
ssh-rsa AAAAB3NzaC1yc2EAAAADAQABAAABAQDze43eG1Co1FZEgLEAfnJilJKyiSPBPVIgtqNEHbGWYmK8vYCsJDpVYdJQG70pKxsE5lB29FhM6QsYTGuyJ318Ma4S32YOC+34bMSNNFBvL+ZcxrfF4IQY5Q/9Fr8OGEbwHIMhEPUf/BnBqL8SVS01Fae0u1/kROlu9XTKQxMxPJZTbQGuAWRn5ZYhZdZ/08pyMJNAijVLByH0ZSUGg6ou0EzX0+FJVpXmREgDRXQgFD+EDG0cl+KqSbYOt7NKo9YM7BVFRAE26DV969lVJjK8BGkiAL/PI3pLYhYG2Ssso4x5AjYDpI6Z3F9bAdEPlDj0QRT/rYipLprfMECoPvEJ root@ubuntu-xenial
-----END SSH HOST KEY KEYS-----
[   32.327104] cloud-init[1352]: Cloud-init v. 17.1 running 'modules:final' at Tue, 20 Mar 2018 12:41:26 +0000. Up 31.35 seconds.
[   32.343889] cloud-init[1352]: ci-info: no authorized ssh keys fingerprints found for user ubuntu.
[   32.373361] cloud-init[1352]: Cloud-init v. 17.1 finished at Tue, 20 Mar 2018 12:41:27 +0000. Datasource DataSourceNoCloud [seed=/dev/sdb][dsmode=net].  Up 32.30 seconds
[[0;32m  OK  [0m] Started Execute cloud user/final scripts.
[[0;32m  OK  [0m] Reached target Cloud-init target.

Ubuntu 16.04.4 LTS ubuntu-xenial ttyS0

ubuntu-xenial login: 