[   0.0000 Initializing cgrou ssys put
[  000000]Inializnggrup subsys ccpu
[    0.000000] Iitlizing cgrupubsy cacct
[    0.000000] Linux version 4.4.0-116-generic (buildd@lgw01-amd64-021) (gcc version 5.4.020069 (Uun 5.40-buntu1~16.04.9) ) 14Ubnntu SMP Mon Feb 12 21:23:04 UT 28 Ubunu 4.-11614geeric4.98
[   .00000] omndline BOT_AGE=bo/vlinu-4.0116-enicroot=AB=coudimg-oos ro onletty1cool=tty0    .000] KEREL uported cp:[    00000   IteGeuinent
    0000]  A AthentAM
[    0.000000]   Centaur CentaurHauls[   0.000] x86/fpu: xstate_offet]: 576,xste_sze2]  25
   0.000000] x86/fpu: Supprtg XSVEeaure x0 '87 floinpoin risers'
[    .000] x8fp SuporngXSAVfeure x0 'SE risrs'
  0.0000] 6/pu: uporing XSVE feature 0x04: 'AVX registers'
[    0.000000] x86/fpu: Enabled xstate features 0x7, contxt size is 82 byesusng 'taar' foat
[    0.00000 x6/fp Ung 'az FU cote sitchs.[   0.000] e80:IO-prodephyscaRA map
[   .0000] OS-e20 [m 0x00000000000x0000009fbff]usle
[    0.00000] IO-e820[mm 0x0000000009fc00-0x00000000009fffreerve
[  0.0000 BOS-e20[mm 0x0000000f000-000000000ff] reerd
[  00000]IO-e82: em0x0000000100000x000007eff] ubl
[    00000] BOSe80:[mem0x000000ff00-0x00000ffffffACI at
[   0.0000 BOS-e20[mm 0x00000ec0000x0000000c0fff]rervd
[  00000] OSe820: em0x00000fe00000x000000eefff]esrved
[    0.000000] BIOS-e80: [mem 0x000000fffc0000-0x00000000ffffffff] reserved
[    0.000000] NX (Execute Disable) protection: active
[    0.000000] SBIS .5prest.
[  0.0000 Herisordectd: KVM[   0.000] e820: last_pfn  0ff0 max_arch_pfn = 0x400000000
[    0.000000] MTRR: Disabled
[    0.000000] x86/PAT: MTRRs disable, kipingPAintializiotoo.
[  00000] U MTRsllblank vtualized syste.[   .000] x86/PAT: Configuraio[0-7]: WB  WT U- UC  WB  WT  UC- UC  
[    0.000000] found SMP MP-table at [mem 0x0009fff0-0x0009ffff] mapped at [ffff88000009fff0]
[    0.000000] Scaning 1 areas for low memory corruption
[   .000000] RAMDISK: [emx3ac200-3758fff]
[     0.000000] ACPI: Early table checksum verification disabled
[   0.00000 AI:RSDP 0x000000000000 000024 (v0 VX  )[   0.000] ACPI: XSD 00000007FFF030003C (01BO   VOXDT000000AS  00001)
[  000000]ACI:FAP 0x000007FFF0F0000F4 v0VBOX   VBOFAP 00001 SL  00061)[  0.00000ACI: DSDT 0x000000007FFF0470 00211F (2 BOX   VBOXBIOS 00000002 INTL 20100528)
[    0.000000] ACPI FCS0x000000007FF20000040
[  0000000] CP: ACS 0x00000007F000 000
    0.000000] ACPI: APIC 0x00000007F0240 000 (v0 VX  VBOXAIC0000001 ASL 00061)[  0.000] CPI: SD 000000007F0A0 01C(v01BO  VBXCT 000002NT 200028
    0.000]No NMAonigurti fund[  0.000] aking a det [mm 000000000000-0000007ffff]
[  .00000 NE_AT(0allocte [em 0x7ffeb000-0xfffff]
   000000]kvclck: inmsrsb5d01 ndb54d00[   0.0000 km-clckcpu 0, msr0:fe3001, primary cpu clock
[  .00000] m-lock: using schedofetof 342287 cyle
[   0.000]clocsoce kv-coc mask: 0xffffffffffffffff max_cycles: 0x1cd42e4dffb, max_idle_ns: 881590591483 ns
[    0.000000] Zone ranges:
[    0.000000]   DMA      [mem 0x0000000000001000-0x0000000000ffffff]
[    .0000]  DM2   [mm 00000010000-0000007feff]
[    0.0000] Normal  empty
[    0.000000]   Device   emp
    .000] Mobl zne stat oreachno
    0.0000] Early meor ne ranges
  0.0000] noe   : [mem 0x00000000000000-x0000000009efff]
[   00000]   node  0 [em 0x0000000000100000-0x000000007ffeffff
[   0.000000] Initmem setup node 0 [mm 0x0000000001000-0x000000ffeffff]
[    0.0000] PI P-TimerIOort: 0x408[   0.000] IAP[0: aicd , vrsion 3, adress 0xfec000, GI 23
[   0.000000] ACPI: INT_SRC_OVR (bus 0 bus_irq 0 global_irq 2flfl)[    0.000000] ACPI: INT_SRC_OVR (bus 0 bus_irq 9 global_irq 9 low level)
    .0000]Using CP(MAD) orMP cnfurtioninoration
[    0.000000] smpbot:llowin 2PU, 0 tpg CP
   0.00000PM Regstednosae moy: [emx000000-0000ff]    .000] P: egstred noveemor: em0x009f000-x09fff][    0.000000 P Rgisteedosveemory: [mem 0x000a0000-0x00effff]
[    0.000000] PM: Registered nosave memory: [mem 0x000f0000-0x000fffff]
[    0.000000] e820: [mem 0x80000000-0xfebfffff] avaiable for PCI devices
[    0.000000] Booting paravirtualized kernel on KVM
[    0.000000] clocource: fid-jiffesmask: 0xffffff max_cycles: 0xffffffff, max_idle_ns: 7645519600211568 ns
[    0.0000] setup_percp: _CPUS:12r_cpuasbis:512 nr_cpu_ids:2 nr_node_ids:1
[   000000] PERCPU: Ebeed34 pgecp @ff887fc000s9544 819 d528 u185
[  0.0000 Pqsinochah tae trie: 6 orde: , 096 byes
   0.000000 Blt1 zoeltsiin odorder, mbity grouping on  Total pags:51961
[    0.000000] Policy zone: DMA32
[    0.000000] Krn comman le: OOT_IGE/bt/linu-4.0-116-generi rt=ABEL=cloudimg-rootfs ro console=tty1 console=ttyS0
[    0.00000] PID hash table entries: 409 (rder: , 768 bytes)[   0.000000] Memory: 2033880K/2096696K avaibl (8530K kenecoe, 109rwata, 392Kodata, 1508K init, 1316K bss, 62816K reserd, 0K cma-reserved)
[    0.000000] SUB: HWli=6, rd=03, MnObec=0, PU2, Ndes=1
[   .000000 Kne/Use pe able ilaion: eabd
[  .00000HiarchalCU impmeatio.    .000] 	Bldime djtmnt o leaf faouto 64
   0.000000] 	RCU restricting CUs from NR_CPUS=512 to nr_cpu_ids=2.
[   0.000000] RCU: djusingemetry orrc_fnoutlea=64,r_cp_i=2
[   .0000] NR_IRQS:33024 nr_irqs:440 16
[    0.000000] Console: colour VGA+ 80x25
[    0.000000] console [tty1] enabled
[    0.000000] console [ttyS0] enabled
[    0.000000] tsc: Detected 2394.462 MHz processor
[   18.680247] Calibrating delay loop (skipped) preset value.. 4788.92 BogoMIPS (lpj=9577848)
[   18.681881] pid_max: default: 32768 minimum: 301
[   18.682762] ACPI: Core revision 20150930

[   18.684566] ACPI: 2 ACPI AML tables successfully acquired and loaded
[   18.685839] Security Framework initialized
[   18.686657] Yama: becoming mindful.
[   18.687414] AppArmor: AppArmor initialized
[   18.692077] Dentry cache hash table entries: 262144 (order: 9, 2097152 bytes)
[   18.697675] Inode-cache hash table entries: 131072 (order: 8, 1048576 bytes)
[   18.725095] Mount-cache hash table entries: 4096 (order: 3, 32768 bytes)
[   18.804659] Mountpoint-cache hash table entries: 4096 (order: 3, 32768 bytes)
[   18.872358] Initializing cgroup subsys io
[   18.916536] Initializing cgroup subsys memory
[   18.968603] Initializing cgroup subsys devices
[   19.041218] Initializing cgroup subsys freezer
[   19.116938] Initializing cgroup subsys net_cls
[   19.190459] Initializing cgroup subsys perf_event
[   19.221168] Initializing cgroup subsys net_prio
[   19.257506] Initializing cgroup subsys hugetlb
[   19.272596] Initializing cgroup subsys pids
[   19.322441] CPU: Physical Processor ID: 0
[   19.373212] CPU: Processor Core ID: 0
[   19.389231] FEATURE SPEC_CTRL Not Present
[   19.412614] mce: CPU supports 0 MCE banks
[   19.425969] Last level iTLB entries: 4KB 1024, 2MB 1024, 4MB 1024
[   19.427890] Last level dTLB entries: 4KB 1024, 2MB 1024, 4MB 1024, 1GB 4
[   19.462249] Spectre V2 mitigation: Mitigation: Full generic retpoline
[   19.528274] Spectre V2 mitigation: Speculation control IBPB not-supported IBRS not-supported
[   19.559804] Freeing SMP alternatives memory: 32K
[   19.622336] ftrace: allocating 32186 entries in 126 pages
[   19.682129] smpboot: APIC(0) Converting physical 0 to logical package 0
[   19.757669] smpboot: Max logical packages: 1
[   19.775123] x2apic enabled
[   19.802577] Switched APIC routing to physical x2apic.
[   19.881572] ..TIMER: vector=0x30 apic1=0 pin1=2 apic2=-1 pin2=-1
[   20.080558] smpboot: CPU0: Intel(R) Core(TM) i7-4500U CPU @ 1.80GHz (family: 0x6, model: 0x45, stepping: 0x1)
[   20.125054] Performance Events: unsupported p6 CPU model 69 no PMU driver, software events only.
[   20.168608] KVM setup paravirtual spinlock
[   20.197291] x86: Booting SMP configuration:
[   20.225138] .... node  #0, CPUs:      #1
[   20.284141] kvm-clock: cpu 1, msr 0:7ffe3041, secondary cpu clock
[   20.324325] mce: CPU supports 0 MCE banks
[   20.352695] x86: Booted up 1 node, 2 CPUs
[   20.378055] smpboot: Total of 2 processors activated (9577.84 BogoMIPS)
[   20.380288] devtmpfs: initialized
[   20.395961] evm: security.selinux
[   20.396692] evm: security.SMACK64
[   20.397397] evm: security.SMACK64EXEC
[   20.398146] evm: security.SMACK64TRANSMUTE
[   20.400505] evm: security.SMACK64MMAP
[   20.420686] evm: security.ima
[   20.440331] evm: security.capability
[   20.471809] clocksource: jiffies: mask: 0xffffffff max_cycles: 0xffffffff, max_idle_ns: 7645041785100000 ns
[   20.492505] futex hash table entries: 512 (order: 3, 32768 bytes)
[   20.498670] pinctrl core: initialized pinctrl subsystem
[   20.511991] RTC time: 11:27:16, date: 04/03/18
[   20.527409] NET: Registered protocol family 16
[   20.540034] cpuidle: using governor ladder
[   20.559579] cpuidle: using governor menu
[   20.569283] PCCT header not found.
[   20.593627] ACPI: bus type PCI registered
[   20.594639] acpiphp: ACPI Hot Plug PCI Controller Driver version: 0.5
[   20.596888] PCI: Using configuration type 1 for base access
[   20.612111] ACPI: Added _OSI(Module Device)
[   20.632485] ACPI: Added _OSI(Processor Device)
[   20.633358] ACPI: Added _OSI(3.0 _SCP Extensions)
[   20.634284] ACPI: Added _OSI(Processor Aggregator Device)
[   20.648779] ACPI: Executed 1 blocks of module-level executable AML code
[   20.654201] ACPI: Interpreter enabled
[   20.707538] ACPI: (supports S0 S5)
[   20.763250] ACPI: Using IOAPIC for interrupt routing
[   20.856307] PCI: Using host bridge windows from ACPI; if necessary, use "pci=nocrs" and report a bug
[   20.958114] ACPI: PCI Root Bridge [PCI0] (domain 0000 [bus 00-ff])
[   21.026237] acpi PNP0A03:00: _OSC: OS supports [ASPM ClockPM Segments MSI]
[   21.087610] acpi PNP0A03:00: _OSC: not requesting OS control; OS requires [ExtendedConfig ASPM ClockPM MSI]
[   21.091889] acpi PNP0A03:00: fail to add MMCONFIG information, can't access extended PCI configuration space under this bridge.
[   21.097586] PCI host bridge to bus 0000:00
[   21.100294] pci_bus 0000:00: root bus resource [io  0x0000-0x0cf7 window]
[   21.102303] pci_bus 0000:00: root bus resource [io  0x0d00-0xffff window]
[   21.104570] pci_bus 0000:00: root bus resource [mem 0x000a0000-0x000bffff window]
[   21.107242] pci_bus 0000:00: root bus resource [mem 0x80000000-0xfdffffff window]
[   21.109674] pci_bus 0000:00: root bus resource [bus 00-ff]
[   21.113980] pci 0000:00:01.1: legacy IDE quirk: reg 0x10: [io  0x01f0-0x01f7]
[   21.116058] pci 0000:00:01.1: legacy IDE quirk: reg 0x14: [io  0x03f6]
[   21.119211] pci 0000:00:01.1: legacy IDE quirk: reg 0x18: [io  0x0170-0x0177]
[   21.136860] pci 0000:00:01.1: legacy IDE quirk: reg 0x1c: [io  0x0376]
[   21.237662] pci 0000:00:07.0: quirk: [io  0x4000-0x403f] claimed by PIIX4 ACPI
[   21.249222] pci 0000:00:07.0: quirk: [io  0x4100-0x410f] claimed by PIIX4 SMB
[   21.260708] ACPI: PCI Interrupt Link [LNKA] (IRQs 5 9 10 *11)
[   21.357479] ACPI: PCI Interrupt Link [LNKB] (IRQs 5 9 *10 11)
[   21.426350] ACPI: PCI Interrupt Link [LNKC] (IRQs 5 *9 10 11)
[   21.474359] ACPI: PCI Interrupt Link [LNKD] (IRQs 5 9 10 *11)
[   21.507062] ACPI: Enabled 2 GPEs in block 00 to 07
[   21.540287] vgaarb: setting as boot device: PCI:0000:00:02.0
[   21.574983] vgaarb: device added: PCI:0000:00:02.0,decodes=io+mem,owns=io+mem,locks=none
[   21.609175] vgaarb: loaded
[   21.619992] vgaarb: bridge control possible 0000:00:02.0
[   21.641483] SCSI subsystem initialized
[   21.647578] ACPI: bus type USB registered
[   21.648455] usbcore: registered new interface driver usbfs
[   21.649466] usbcore: registered new interface driver hub
[   21.664725] usbcore: registered new device driver usb
[   21.687650] PCI: Using ACPI for IRQ routing
[   21.725056] NetLabel: Initializing
[   21.744881] NetLabel:  domain hash size = 128
[   21.754020] NetLabel:  protocols = UNLABELED CIPSOv4
[   21.763757] NetLabel:  unlabeled traffic allowed by default
[   21.776094] amd_nb: Cannot enumerate AMD northbridges
[   21.793642] clocksource: Switched to clocksource kvm-clock
[ 21.202]ppmo AArr lest Ebl
   2.42360] npPnACI ni
[ 22580]npPnAC: un3 vis
[   23.278487] clocksource: acpi_pm: mask: 0xffffff max_cycles: 0xffffff, max_idle_ns: 2085701024 ns
[   23.492148] NET: Registered protocol family 2
[   23.587736] TCP established hash table entries: 16384 (order: 5, 131072 bytes)
[   23.704576] TCP bind hash table entries: 16384 (order: 6, 262144 bytes)
[   23.707901] TCP: Hash tables configured (established 16384 bind 16384)
[   23.709295] UDP hash table entries: 1024 (order: 3, 32768 bytes)
[   23.712566] UDP-Lite hash table entries: 1024 (order: 3, 32768 bytes)
[   23.715756] NET: Registered protocol family 1
[   23.719171] pci 0000:00:00.0: Limiting direct PCI/PCI transfers
[   23.722380] pci 0000:00:01.0: Activating ISA DMA hang workarounds
[   23.729870] Unpacking initramfs...
[   25.547021] Freeing initrd memory: 10844K
[   25.611527] RAPL PMU detected, API unit is 2^-32 Joules, 4 fixed counters 10737418240 ms ovfl timer
[   25.622413] hw unit of domain pp0-core 2^-0 Joules
[   25.624466] hw unit of domain package 2^-0 Joules
[   25.629264] hw unit of domain dram 2^-0 Joules
[   25.633248] hw unit of domain pp1-gpu 2^-0 Joules
[   25.636600] platform rtc_cmos: registered platform RTC device (no PNP device found)
[   25.638156] Scanning for low memory corruption every 60 seconds
[   25.639673] audit: initializing netlink subsys (disabled)
[   25.647066] audit: type=2000 audit(1522754825.863:1): initialized
[   25.648433] Initialise system trusted keyring
[   25.652544] HugeTLB registered 2 MB page size, pre-allocated 0 pages
[   25.660760] zbud: loaded
[   25.661758] VFS: Disk quotas dquot_6.6.0
[   25.676300] VFS: Dquot-cache hash table entries: 512 (order 0, 4096 bytes)
[   25.808239] squashfs: version 4.0 (2009/01/31) Phillip Lougher
[   25.842723] fuse init (API version 7.23)
[   25.853199] Key type big_key registered
[   25.865092] Allocating IMA MOK and blacklist keyrings.
[   25.876588] Key type asymmetric registered
[   25.884466] Asymmetric key parser 'x509' registered
[   25.911872] Block layer SCSI generic (bsg) driver version 0.4 loaded (major 249)
[   25.921976] io scheduler noop registered
[   25.926385] io scheduler deadline registered (default)
[   25.927411] io scheduler cfq registered
[   25.930408] pci_hotplug: PCI Hot Plug PCI Core version: 0.5
[   25.934777] pciehp: PCI Express Hot Plug Controller Driver version: 0.4
[   25.942720] ACPI: AC Adapter [AC] (on-line)
[   25.945299] input: Power Button as /devices/LNXSYSTM:00/LNXPWRBN:00/input/input0
[   25.949350] ACPI: Power Button [PWRF]
[   25.950364] input: Sleep Button as /devices/LNXSYSTM:00/LNXSLPBN:00/input/input1
[   25.975226] ACPI: Sleep Button [SLPF]
[   25.989011] GHES: HEST is not enabled!
[   25.990608] ACPI: Battery Slot [BAT0] (battery present)
[   25.996489] Serial: 8250/16550 driver, 32 ports, IRQ sharing enabled
[   26.027077] 00:02: ttyS0 at I/O 0x3f8 (irq = 4, base_baud = 115200) is a 16550A
[   26.045157] Linux agpgart interface v0.103
[   26.055619] loop: module loaded
[   26.077782] scsi host0: ata_piix
[   26.087374] scsi host1: ata_piix
[   26.096649] ata1: PATA max UDMA/33 cmd 0x1f0 ctl 0x3f6 bmdma 0xd000 irq 14
[   26.109731] ata2: PATA max UDMA/33 cmd 0x170 ctl 0x376 bmdma 0xd008 irq 15
[   26.113135] libphy: Fixed MDIO Bus: probed
[   26.120480] tun: Universal TUN/TAP device driver, 1.6
[   26.133772] tun: (C) 1999-2004 Max Krasnyansky <maxk@qualcomm.com>
[   26.138133] PPP generic driver version 2.4.2
[   26.151473] ehci_hcd: USB 2.0 'Enhanced' Host Controller (EHCI) Driver
[   26.159569] ehci-pci: EHCI PCI platform driver
[   26.164668] ehci-platform: EHCI generic platform driver
[   26.175470] ohci_hcd: USB 1.1 'Open' Host Controller (OHCI) Driver
[   26.180153] ohci-pci: OHCI PCI platform driver
[   26.181350] ohci-platform: OHCI generic platform driver
[   26.193867] uhci_hcd: USB Universal Host Controller Interface driver
[   26.197987] i8042: PNP: PS/2 Controller [PNP0303:PS2K,PNP0f03:PS2M] at 0x60,0x64 irq 1,12
[   26.200086] serio: i8042 KBD port at 0x60,0x64 irq 1
[   26.210078] serio: i8042 AUX port at 0x60,0x64 irq 12
[   26.213668] mousedev: PS/2 mouse device common for all mice
[   26.229292] input: AT Translated Set 2 keyboard as /devices/platform/i8042/serio0/input/input2
[   26.246277] rtc_cmos rtc_cmos: rtc core: registered rtc_cmos as rtc0
[   26.249467] rtc_cmos rtc_cmos: alarms up to one day, 114 bytes nvram
[   26.225] 2cde entries driver
[   264627] device-mapper: uevent: version 1.0.3
[   26.549846] device-mapper: ioctl: 4.34.0-ioctl (2015-10-28) initialised: dm-devel@redhat.com
[   26.562287] ledtrig-cpu: registered to indicate activity on CPUs
[   26.583399] NET: Registered protocol family 10
[   26.592432] NET: Registered protocol family 17
[   26.608804] Key type dns_resolver registered
[   26.628442] microcode: CPU0 sig=0x40651, pf=0x40, revision=0x0
[   26.644664] microcode: CPU1 sig=0x40651, pf=0x40, revision=0x0
[   26.649897] tsc: Refined TSC clocksource calibration: 2394.838 MHz
[   26.659464] clocksource: tsc: mask: 0xffffffffffffffff max_cycles: 0x22852b3313c, max_idle_ns: 440795219959 ns
[   26.661998] microcode: Microcode Update Driver: v2.01 <tigran@aivazian.fsnet.co.uk>, Peter Oruba
[   26.662177] registered taskstats version 1
[   26.662193] Loading compiled-in X.509 certificates
[   26.663134] Loaded X.509 cert 'Build time autogenerated kernel key: aa84f01984fbd529c105810b59e379d349698248'
[   26.663163] zswap: loaded using pool lzo/zbud
[   26.666025] Key type trusted registered
[   26.671079] Key type encrypted registered
[   26.671089] AppArmor: AppArmor sha1 policy hashing enabled
[   26.671093] ima: No TPM chip found, activating TPM-bypass!
[   26.671123] evm: HMAC attrs: 0x1
[   26.671513]   Magic number: 14:303:478
[   26.671525] rtc rtc0: hash matches
[   26.680227] rtc_cmos rtc_cmos: setting system clock to 2018-04-03 11:27:23 UTC (1522754843)
[   26.680414] BIOS EDD facility v0.16 2004-Jun-25, 0 devices found
[   26.680414] EDD information not available.
[   26.737926] Freeing unused kernel memory: 1508K
[   26.746212] Write protecting the kernel read-only data: 14336k
[   26.748742] Freeing unused kernel memory: 1700K
[   27.515464] Freeing unused kernel memory: 104K
Loading, please wait...
starting version[   27.975548] random: systemd-udevd: uninitialized urandom read (16 bytes read, 4 bits of entropy available)
 229
[   27.976238] random: udevadm: uninitialized urandom read (16 bytes read, 4 bits of entropy available)
[   27.976261] random: udevadm: uninitialized urandom read (16 bytes read, 4 bits of entropy available)
[   27.987784] random: udevadm: uninitialized urandom read (16 bytes read, 4 bits of entropy available)
[   27.987838] random: udevadm: uninitialized urandom read (16 bytes read, 4 bits of entropy available)
[   27.988015] random: udevadm: uninitialized urandom read (16 bytes read, 4 bits of entropy available)
[   27.988083] random: udevadm: uninitialized urandom read (16 bytes read, 4 bits of entropy available)
[   27.988150] random: udevadm: uninitialized urandom read (16 bytes read, 4 bits of entropy available)
[   27.988220] random: udevadm: uninitialized urandom read (16 bytes read, 4 bits of entropy available)
[   27.988285] random: udevadm: uninitialized urandom read (16 bytes read, 4 bits of entropy available)
[   28.179850] e1000: Intel(R) PRO/1000 Network Driver - version 7.3.21-k8-NAPI
[   28.181716] e1000: Copyright (c) 1999-2006 Intel Corporation.
[   28.197721] Fusion MPT base driver 3.04.20
[   28.198868] Copyright (c) 1999-2008 LSI Corporation
[   28.266838] AVX2 version of gcm_enc/dec engaged.
[   28.276542] AES CTR mode by8 optimization enabled
[   28.284096] Fusion MPT SPI Host driver 3.04.20
[   28.415235] input: ImExPS/2 Generic Explorer Mouse as /devices/platform/i8042/serio1/input/input4
[   28.618589] e1000 0000:00:03.0 eth0: (PCI:33MHz:32-bit) 02:27:b7:20:75:f7
[   28.706164] e1000 0000:00:03.0 eth0: Intel(R) PRO/1000 Network Connection
[   28.709577] e1000 0000:00:03.0 enp0s3: renamed from eth0
[   28.725698] mptbase: ioc0: Initiating bringup
[   28.817592] ioc0: LSI53C1030 A0: Capabilities={Initiator}
[   30.138962] scsi host2: ioc0: LSI53C1030 A0, FwRev=00000000h, Ports=1, MaxQ=256, IRQ=20
[   30.705821] scsi 2:0:0:0: Direct-Access     VBOX     HARDDISK         1.0  PQ: 0 ANSI: 5
[   31.498943] scsi target2:0:0: Beginning Domain Validation
[   31.498946] floppy0: no floppy controllers found
[   31.498988] work still pending
[   31.654257] scsi target2:0:0: Domain Validation skipping write tests
[   31.700999] scsi target2:0:0: Ending Domain Validation
[   31.794554] scsi target2:0:0: asynchronous
[   31.859945] scsi 2:0:1:0: Direct-Access     VBOX     HARDDISK         1.0  PQ: 0 ANSI: 5
[   31.982771] scsi target2:0:1: Beginning Domain Validation
[   32.054082] scsi target2:0:1: Domain Validation skipping write tests
[   32.154609] scsi target2:0:1: Ending Domain Validation
[   32.188429] scsi target2:0:1: asynchronous
[   32.196953] sd 2:0:0:0: Attached scsi generic sg0 type 0
[   32.234949] sd 2:0:0:0: [sda] 20971520 512-byte logical blocks: (10.7 GB/10.0 GiB)
[   32.235150] sd 2:0:1:0: [sdb] 20480 512-byte logical blocks: (10.5 MB/10.0 MiB)
[   32.235313] sd 2:0:1:0: [sdb] Write Protect is off
[   32.235418] sd 2:0:1:0: [sdb] Incomplete mode parameter data
[   32.235420] sd 2:0:1:0: [sdb] Assuming drive cache: write through
[   32.235441] sd 2:0:1:0: Attached scsi generic sg1 type 0
[   32.237247] sd 2:0:1:0: [sdb] Attached SCSI disk
[   32.380071] sd 2:0:0:0: [sda] Write Protect is off
[   32.404574] sd 2:0:0:0: [sda] Incomplete mode parameter data
[   32.437122] sd 2:0:0:0: [sda] Assuming drive cache: write through
[   32.459863]  sda: sda1
[   32.501740] sd 2:0:0:0: [sda] Attached SCSI disk
Begin: Loading e[   33.986310] md: linear personality registered for level -1
ssential drivers[   34.013394] md: multipath personality registered for level -4
 ... [   34.073531] md: raid0 personality registered for level 0
[   34.139628] md: raid1 personality registered for level 1
[   34.289702] raid6: sse2x1   gen()  8707 MB/s
[   34.413890] raid6: sse2x1   xor()  6669 MB/s
[   34.570261] raid6: sse2x2   gen() 11113 MB/s
[   34.666082] raid6: sse2x2   xor()  6917 MB/s
[   34.790238] raid6: sse2x4   gen() 13097 MB/s
[   34.945675] raid6: sse2x4   xor()  9150 MB/s
[   35.086463] raid6: avx2x1   gen() 17182 MB/s
[   35.230196] raid6: avx2x2   gen() 18586 MB/s
[   35.322151] raid6: avx2x4   gen() 19277 MB/s
[   35.356389] raid6: using algorithm avx2x4 gen() 19277 MB/s
[   35.371977] raid6: using avx2x2 recovery algorithm
[   35.376282] xor: automatically using best checksumming function:
[   35.474108]    avx       : 18410.000 MB/sec
[   35.524864] async_tx: api initialized (async)
[   35.577456] md: raid6 personality registered for level 6
[   35.623648] md: raid5 personality registered for level 5
[   35.631466] md: raid4 personality registered for level 4
[   35.641333] md: raid10 personality registered for level 10
done.
Begin: Running /scripts/init-premount ... done.
Begin: Mounting root file system ... Begin: Running /scripts/local-top ... done.
Begin: Running /scripts/local-premount ... [   35.697376] Btrfs loaded
Scanning for Btrfs filesystems
done.
Warning: fsck no[   35.762120] EXT4-fs (sda1): mounted filesystem with ordered data mode. Opts: (null)
t present, so skipping root file system
done.
Begin: Running /scripts/local-bottom ... done.
Begin: Running /scripts/init-bottom ... done.
[   35.940238] systemd[1]: systemd 229 running in system mode. (+PAM +AUDIT +SELINUX +IMA +APPARMOR +SMACK +SYSVINIT +UTMP +LIBCRYPTSETUP +GCRYPT +GNUTLS +ACL +XZ -LZ4 +SECCOMP +BLKID +ELFUTILS +KMOD -IDN)
[   35.994958] systemd[1]: Detected virtualization oracle.
[   36.034839] systemd[1]: Detected architecture x86-64.

Welcome to [1mUbuntu 16.04.4 LTS[0m!

[   36.106236] systemd[1]: Set hostname to <ubuntu>.
[   36.117555] systemd[1]: Initializing machine ID from random generator.
[   36.140819] systemd[1]: Installed transient /etc/machine-id file.
[ 36289]ysemd[1] S uaumount ArbitraryExcublFi Frmat Fe st Aomntoi.
[[0;32m  OK  [0m] Set up automount Arbitrary Executab...ats File System Automount Point.
[  37.499212] systemd[1]: Listening on udev  Kernel Socket.
[[0;32m  OK  [0m] Listening on udev Kernel Socket.
[ 371405] systemd[1]: Listening on Syslog Socket.
[[0;32m  OK  [0m] Listening on Syslog Socket.
[ 37946]ysmd]:isni oJona Audt cket.

[[0;32m  OK  [0m] Listening on Journal Audit Socket.
[   38.731] stmd[1]: Started Triggr esolvconf da f nwod S.
[[0;32m  OK  [0m] Started Trigger resolvconf update for networkd DNS.
[   39.294855] systemd[1]: Listening on Journal Socket.
[[0;32m  OK  [0m] Listening on Journal Socket.
[   39.297263] systemd[1]: Reaced targe Eryedolme.
[[0;32m  OK  [0m] Reached target Encrypted Volumes.
[ 390224] syte[1 Cat slice System Slice.
[[0;32m  OK  [0m] Created slice System Slice.
[   39.970420] systemd[1]: Starting Remount Root and Kernel File Systems...
         [   40.063382] EXT4-fs (sda1): re-mounted. Opts: (null)
Starting Remount Root and Kernel File Systems...
[ 40754]ysmd]:reatd slceysm-ril\dgtyli.
[[0;32m  OK  [0m] Created slice system-serial\x2dgetty.slice.
[   41.026214] systemd[1]: Starting Load Kernel Modules...
         Starting Load Kernel Modules...
[   41.068350] systemd[1]: Mounting Huge Pages File System...
         Mounting Huge Pages File System...
[   41.078889] Loading iSCSI transport class v2.0-870.
[   41.078979] systemd[1]: Listening on Device-mapper event daemon FIFOs.
[[0;32m  OK  [0m] Listening on [   41.091840] iscsi: registered transport (tcp)
Device-mapper event daemon FIFOs.
[   41.120445] iscsi: registered transport (iser)
[   41.189958] systemd[1]: Starting Create list of required static device nodes for the current kernel...
[   41.273006] random: nonblocking pool is initialized
         Starting Create list of required st... nodes for the current kernel...
[   41.367042] systemd[1]: Created slice User and Session Slice.
[[0;32m  OK  [0m] Created slice User and Session Slice.
[   41.534817] systemd[1]: Reached target Slices.
[[0;32m  OK  [0m] Reached target Slices.
[   41.622702] systemd[1]: Reached target Swap.
[[0;32m  OK  [0m] Reached target Swap.
[   41.715326] systemd[1]: Listening on udev Control Socket.
[[0;32m  OK  [0m] Listening on udev Control Socket.
[   41.815267] systemd[1]: Listening on LVM2 poll daemon socket.
[[0;32m  OK  [0m] Listening on LVM2 poll daemon socket.
[   41.995376] systemd[1]: Listening on /dev/initctl Compatibility Named Pipe.
[[0;32m  OK  [0m] Listening on /dev/initctl Compatibility Named Pipe.
[   42.142155] systemd[1]: Starting Nameserver information manager...
         Starting Nameserver information manager...
[   42.202247] systemd[1]: Starting Set console keymap...
         Starting Set console keymap...
[   42.330493] systemd[1]: Starting Uncomplicated firewall...
         Starting Uncomplicated firewall...
[   42.350335] systemd[1]: Listening on Journal Socket (/dev/log).
[[0;32m  OK  [0m] Listening on Journal Socket (/dev/log).
[   42.530817] systemd[1]: Starting Journal Service...
         Starting Journal Service...
[   42.597962] systemd[1]: Listening on LVM2 metadata daemon socket.
[[0;32m  OK  [0m] Listening on LVM2 metadata daemon socket.
[   42.722447] systemd[1]: Starting Monitoring of LVM2 mirrors, snapshots etc. using dmeventd or progress polling...
         Starting Monitoring of LVM2 mirrors... dmeventd or progress polling...
[   42.798162] systemd[1]: Mounting Debug File System...
         Mounting Debug File System...
[   42.841816] systemd[1]: Mounting POSIX Message Queue File System...
         Mounting POSIX Message Queue File System...
[   42.881980] systemd[1]: Reached target User and Group Name Lookups.
[[0;32m  OK  [0m] Reached target User and Group Name Lookups.
[   42.946050] systemd[1]: Started Forward Password Requests to Wall Directory Watch.
[[0;32m  OK  [0m] Started Forward Password Requests to Wall Directory Watch.
[   43.110345] systemd[1]: Mounted POSIX Message Queue File System.
[[0;32m  OK  [0m] Mounted POSIX Message Queue File System.
[   43.202835] systemd[1]: Mounted Huge Pages File System.
[[0;32m  OK  [0m] Mounted Huge Pages File System.
[   43.227551] systemd[1]: Mounted Debug File System.
[[0;32m  OK  [0m] Mounted Debug File System.
[   43.278092] systemd[1]: Started Journal Service.
[[0;32m  OK  [0m] Started Journal Service.
[[0;32m  OK  [0m] Started Remount Root and Kernel File Systems.
[[0;32m  OK  [0m] Started Load Kernel Modules.
[[0;32m  OK  [0m] Started Create list of required sta...ce nodes for the current kernel.
[[0;32m  OK  [0m] Started Set console keymap.
[[0;32m  OK  [0m] Started Uncomplicated firewall.
[[0;32m  OK  [0m] Started Nameserver information manager.
[[0;32m  OK  [0m] Started LVM2 metadata daemon.
         Starting Create Static Device Nodes in /dev...
         Starting Apply Kernel Variables...
         Mounting FUSE Control File System...
         Starting Load/Save Random Seed...
         Starting udev Coldplug all Devices...
         Starting Initial cloud-init job (pre-networking)...
         Starting Flush Journal to Persistent Storage...
[[0;32m  OK  [0m] Mounted FUSE Control File System.
[[0;32m  OK  [0m] Started Create Static Device Nodes in /dev.
[[0;32m  OK  [0m] Started Apply Kernel Variables.
[[0;32m  OK  [0m] Started Load/Save Random Seed.
[[0;32m  OK  [0m] Started Flush Journal to Persistent Storage.
[[0;32m  OK  [0m] Started udev Coldplug all Devices.
[[0;32m  OK  [0m] Started Monitoring of LVM2 mirrors,...ng dmeventd or progress polling.
         Starting udev Kernel Device Manager...
[[0;32m  OK  [0m] Started udev Kernel Device Manager.
[[0;32m  OK  [0m] Reached target Local File Systems (Pre).
[[0;32m  OK  [0m] Reached target Local File Systems.
         Starting Tell Plymouth To Write Out Runtime Data...
         Starting Commit a transient machine-id on disk...
         Starting Create Volatile Files and Directories...
         Starting Set console font and keymap...
         Starting LSB: AppArmor initialization...
[[0;32m  OK  [0m] Started Dispatch Password Requests to Console Directory Watch.
[[0;32m  OK  [0m] Started Tell Plymouth To Write Out Runtime Data.
[[0;32m  OK  [0m] Started Commit a transient machine-id on disk.
[[0;32m  OK  [0m] Started Create Volatile Files and Directories.
[[0;32m  OK  [0m] Found device /dev/ttyS0.
         Starting Update UTMP about System Boot/Shutdown...
[[0;32m  OK  [0m] Reached target System Time Synchronized.
[[0;32m  OK  [0m] Started Update UTMP about System Boot/Shutdown.
[   24.522574] [cloud-init[0;32m  OK  [0m[455]: ] Cloud-init v. 17.1 running 'init-local' at Tue, 03 Apr 2018 11:27:41 +0000. Up 23.80 seconds.Listening on Load/Save RF Kill Switch Status /dev/rfkill Watch.

[[0;32m  OK  [0m] Started LSB: AppArmor initialization.
[[0;32m  OK  [0m] Started Initial cloud-init job (pre-networking).
[[0;32m  OK  [0m] Reached target Network (Pre).
         Starting Raise network interfaces...
[[0;32m  OK  [0m] Started Set console font and keymap.
[[0;32m  OK  [0m] Created slice system-getty.slice.
[[0;32m  OK  [0m] Started Raise network interfaces.
         Starting Initial cloud-init job (metadata service crawler)...
[[0;32m  OK  [0m] Reached target Network.
[   27.786168] cloud-init[941]: Cloud-init v. 17.1 running 'init' at Tue, 03 Apr 2018 11:27:45 +0000. Up 27.17 seconds.
[   27.868493] [cloud-init[0;32m  OK  [0m[941]: ] ci-info: +++++++++++++++++++++++++++++++++++++Net device info++++++++++++++++++++++++++++++++++++++Started Initial cloud-init job (metadata service crawler).

[   27.868891] cloud-init[941]: ci-info: +--------+------+----------------------------+---------------+-------+-------------------+
[[0;32m  OK  [0m] Reached target Network is Online.
[   28.120840] cloud-init[941]: ci-info: | Device |  Up  |          Address           |      Mask     | Scope |     Hw-Address    |
[   28.284799]          cloud-initStarting iSCSI initiator daemon (iscsid)...[941]: 
ci-info: +--------+------+----------------------------+---------------+-------+-------------------+
[   28.576820] [cloud-init[0;32m  OK  [0m[941]: ] ci-info: | enp0s3 | True |         10.0.2.15          | 255.255.255.0 |   .   | 02:27:b7:20:75:f7 |Reached target Cloud-config availability.

[   28.634587] [cloud-init[0;32m  OK  [0m[941]: ] ci-info: | enp0s3 | True | fe80::27:b7ff:fe20:75f7/64 |       .       |  link | 02:27:b7:20:75:f7 |Reached target System Initialization.

[   28.924248] [cloud-init[0;32m  OK  [0m[941]: ] ci-info: |   lo   | True |         127.0.0.1          |   255.0.0.0   |   .   |         .         |Started Daily apt download activities.

[   28.924867] [cloud-init[0;32m  OK  [0m[941]: ] ci-info: |   lo   | True |          ::1/128           |       .       |  host |         .         |Started Daily Cleanup of Temporary Directories.

[   28.997038] [cloud-init[0;32m  OK  [0m[941]: ] ci-info: +--------+------+----------------------------+---------------+-------+-------------------+Listening on D-Bus System Message Bus Socket.

[   29.093109] [cloud-init[0;32m  OK  [0m[941]: ] ci-info: +++++++++++++++++++++++++++Route IPv4 info++++++++++++++++++++++++++++Listening on ACPID Listen Socket.

[   29.320474] [cloud-init[0;32m  OK  [0m[941]: ] ci-info: +-------+-------------+----------+---------------+-----------+-------+Started ACPI Events Check.

[   29.427037] [cloud-init[0;32m  OK  [0m[941]: ] ci-info: | Route | Destination | Gateway  |    Genmask    | Interface | Flags |Reached target Paths.

[   29.452643]          cloud-initStarting Socket activation for snappy daemon.[941]: 
ci-info: +-------+-------------+----------+---------------+-----------+-------+
[   29.587011]          cloud-initStarting LXD - unix socket.[941]: 
ci-info: |   0   |   0.0.0.0   | 10.0.2.2 |    0.0.0.0    |   enp0s3  |   UG  |
[[0;32m  OK  [0m] Started Daily apt upgrade and clean activities.
[   29.671734] cloud-init[941]: ci-info: |   1   |   10.0.2.0  | 0.0.0.0  | 255.255.255.0 |   enp0s3  |   U   |
[   29.752548] [cloud-init[0;32m  OK  [0m[941]: ] ci-info: +-------+-------------+----------+---------------+-----------+-------+Started Timer to automatically refresh installed snaps.

[   29.753634] [cloud-init[0;32m  OK  [0m[941]: ] Generating public/private rsa key pair.Reached target Timers.

[[0;32m  OK  [0m] Listening on UUID daemon activation socket.
[   29.927977] cloud-init[941]: Your identification has  een saved in /etc/ssh/ssh_host_rsa_key.
[   29.980866] [cloud-init[0;32m  OK  [0m[941]: ] Your public key has been saved in /etc/ssh/ssh_host_rsa_key.pub.Listening on Socket activation for snappy daemon.

[   29.981400] [cloud-init[0;32m  OK  [0m[941]: ] The key fingerprint is:Listening on LXD - unix socket.

[   30.112487] [cloud-init[0;32m  OK  [0m[941]: ] SHA256:JDY0BxGAMwI1xeS/2J/9Ajq8z5/n6isOdbXtj5I1eAI root@ubuntu-xenialStarted iSCSI initiator daemon (iscsid).

[   30.113361] cloud-init[941]: The key's randomart image is:
[   30.185021]          cloud-initStarting Login to default iSCSI targets...[941]: 
+---[RSA 2048]----+
[   30.218303] [cloud-init[0;32m  OK  [0m[941]: ] |o.o=+.*+.        |Reached target Sockets.

[   30.219024] [cloud-init[0;32m  OK  [0m[941]: ] |. +o.. o         |Reached target Basic System.

[   30.293180] cloud-init[941]: | . o. + .   .    |
[   30.334175]          cloud-initStarting /etc/rc.local Compatibility...[941]: 
|     o +  E. o   |
[   30.352516]          cloud-initStarting Login Service...[941]: 
|      . S .....  |
         Starting Accounts Service...
[   30.397986] cloud-init[941]: |     o o..  o.+  |
[   30.436272]          cloud-initStarting LSB: Record successful boot for GRUB...[941]: 
|    ..+. .   =.. |
[   30.614741] [cloud-init[0;32m  OK  [0m[941]: ] |      ++.o..+  o |Started Unattended Upgrades Shutdown.

[   30.615505] cloud-init[941]: |      .=*+BBo.. .|
[   30.656622]          cloud-initStarting LXD - container startup/shutdown...[941]: 
+----[SHA256]-----+
[   30.700410] [cloud-init[0;32m  OK  [0m[941]: ] Generating public/private dsa key pair.Started Regular background program processing daemon.

[   30.736566]          cloud-initStarting LSB: MD monitoring daemon...[941]: 
Your identification has been saved in /etc/ssh/ssh_host_dsa_key.
[   30.843466]          cloud-initStarting System Logging Service...[941]: 
Your public key has been saved in /etc/ssh/ssh_host_dsa_key.pub.
[   30.900833]          cloud-initStarting Pollinate to seed the pseudo random number generator...[941]: 
The key fingerprint is:
[   30.961157] [cloud-init[0;32m  OK  [0m[941]: ] SHA256:BSRiCwtDMRe8GYcHSH7zYUo11r/0Y0AEfRWnOOVbxqA root@ubuntu-xenialStarted ACPI event daemon.

[   30.961732] cloud-init[941]: The key's randomart image is:
[   31.014296] cloud-init[941]: +---[DSA 1024]----+
[   31.016718] cloud-init[941]: |===+*+oo*.  .=.. |
         Starting Apply the settings specified in cloud-config...
[   31.043198] cloud-init[941]: |.+oBo=.o + .= =  |
[[0;32m  OK  [0m] Started Deferred execution scheduler.[   31.132252] cloud-init[941]: | ..+Bo  o oE o + |
[   31.132356] cloud-init[941]: |  oo= .  =  . +  |
[   31.132446] cloud-init[941]: |   . .  S +  .   |
[   31.132535] cloud-init[941]: |         . +     |
[   31.132620] cloud-init[941]: |          . .    |
[   31.132712] cloud-init[941]: |                 |
[   31.132799] cloud-init[941]: |                 |
[   31.132884] cloud-init[941]: +----[SHA256]-----+
[   31.133000] cloud-init[941]: Generating public/private ecdsa key pair.
[   31.133092] cloud-init[941]: Your identification has been saved in /etc/ssh/ssh_host_ecdsa_key.
[   31.133176] cloud-init[941]: Your public key has been saved in /etc/ssh/ssh_host_ecdsa_key.pub.
[   31.133264] cloud-init[941]: The key fingerprint is:
[   31.133351] cloud-init[941]: SHA256:t5HRd+9dFoRh6MLXVR8B7b1AVExRq2XgrK0G0EPb8U0 root@ubuntu-xenial
[   31.133439] cloud-init[941]: The key's randomart image is:
[   31.133524] cloud-init[941]: +---[ECDSA 256]---+
[   31.133616] cloud-init[941]: |         . .o*OEB|
[   31.133698] cloud-init[941]: |        o oo*o=++|
[   31.133783] cloud-init[941]: |       ..+o.+++*+|
[   31.133868] cloud-init[941]: |        .o.=o++o+|
[   31.133988] cloud-init[941]: |        S.*. o. =|
[   31.134075] cloud-init[941]: |         ..o.  +o|
[   31.134159] cloud-init[941]: |          .o    o|
[   31.134242] cloud-init[941]: |          .      |
[   31.134328] cloud-init[941]: |                 |
[   31.134414] cloud-init[941]: +----[SHA256]-----+
[   31.134496] cloud-init[941]: Generating public/private ed25519 key pair.
[   31.134577] cloud-init[941]: Your identification has been saved in /etc/ssh/ssh_host_ed25519_key.
[   31.134662] cloud-init[941]: Your public key has been saved in /etc/ssh/ssh_host_ed25519_key.pub.
[   31.134741] cloud-init[941]: The key fingerprint is:
[   31.134823] cloud-init[941]: SHA256:SoV1+owti5JTL3e6v/DDgQ2nj2aonfS1k9WUQySYcSw root@ubuntu-xenial
[   31.134910] cloud-init[941]: The key's randomart image is:
[   31.135023] cloud-init[941]: +--[ED25519 256]--+
[   31.135110] cloud-init[941]: |        . o=o..  |
[   31.135196] cloud-init[941]: |       o oE....  |
[   31.135280] cloud-init[941]: |      . o  . . . |
[   31.135364] cloud-init[941]: |       ..=.   +  |
[   31.135443] cloud-init[941]: |      o S*+  o . |
[   31.135522] cloud-init[941]: |     + +ooo . .  |
[   31.135595] cloud-init[941]: |    + =.=+o+     |
[   31.135669] cloud-init[941]: |     =.=+**.     |
[   31.136187] cloud-init[941]: |    ..oo+o=+     |
[   31.136276] cloud-init[941]: +----[SHA256]-----+

[   31.532986] cloud-init[1116]: Generating locales (this might take a while)...
[[0;32m  OK  [0m] Started FUSE filesystem for LXC.
         Starting Snappy daemon...
[[0;32m  OK  [0m] Started D-Bus System Message Bus.
[[0;32m  OK  [0m] Started System Logging Service.
[[0;32m  OK  [0m] Started /etc/rc.local Compatibility.
[[0;32m  OK  [0m] Started LXD - container startup/shutdown.
[[0;32m  OK  [0m] Started Pollinate to seed the pseudo random number generator.
[[0;32m  OK  [0m] Started Snappy daemon.
[[0;32m  OK  [0m] Started Login to default iSCSI targets.
[[0;32m  OK  [0m] Started LSB: Record successful boot for GRUB.
[[0;32m  OK  [0m] Started LSB: MD monitoring daemon.
[[0;32m  OK  [0m] Started Login Service.
         Starting Authenticate and Authorize Users to Run Privileged Tasks...
[[0;32m  OK  [0m] Reached target Remote File Systems (Pre).
[[0;32m  OK  [0m] Reached target Remote File Systems.
         Starting LSB: automatic crash report generation...
         Starting LSB: Set the CPU Frequency Scaling governor to "ondemand"...
         Starting Permit User Sessions...
         Starting LSB: VirtualBox Linux Additions...
         Starting LSB: daemon to balance interrupts for SMP systems...
         Starting OpenBSD Secure Shell server...
[[0;32m  OK  [0m] Started Permit User Sessions.
[[0;32m  OK  [0m] Started OpenBSD Secure Shell server.
[[0;32m  OK  [0m] Started Authenticate and Authorize Users to Run Privileged Tasks.
[[0;32m  OK  [0m] Started Accounts Service.
[[0;32m  OK  [0m] Started LSB: Set the CPU Frequency Scaling governor to "ondemand".
[[0;32m  OK  [0m] Started LSB: automatic crash report generation.
         Starting Hold until boot process finishes up...
         Starting Terminate Plymouth Boot Screen...
[[0;32m  OK  [0m] Started LSB: daemon to balance interrupts for SMP systems.
[[0;32m  OK  [0m] Started Hold until boot process finishes up.
[[0;32m  OK  [0m] Started Terminate Plymouth Boot Screen.
[[0;32m  OK  [0m] Started LSB: VirtualBox Linux Additions.
[[0;32m  OK  [0m] Started Serial Getty on ttyS0.
         Starting Set console scheme...
[[0;32m  OK  [0m] Started Getty on tty1.
[[0;32m  OK  [0m] Reached target Login Prompts.
[[0;32m  OK  [0m] Reached target Multi-User System.
[[0;32m  OK  [0m] Reached target Graphical Interface.
         Starting Update UTMP about System Runlevel Changes...
[[0;32m  OK  [0m] Started Set console scheme.
[[0;32m  OK  [0m] Started Update UTMP about System Runlevel Changes.
[   33.386499] cloud-init[1116]:   en_US.UTF-8... done
[   33.416694] cloud-init[1116]: Generation complete.
[   33.801460] cloud-init[1116]: Cloud-init v. 17.1 running 'modules:config' at Tue, 03 Apr 2018 11:27:49 +0000. Up 31.36 seconds.
[[0;32m  OK  [0m] Started Apply the settings specified in cloud-config.
         Starting Execute cloud user/final scripts...
[[0;32m  OK  [0m] Created slice User Slice of vagrant.
         Starting User Manager for UID 1000...
[[0;32m  OK  [0m] Started Session 1 of user vagrant.
[[0;32m  OK  [0m] Started User Manager for UID 1000.
ci-info: no authorized ssh keys fingerprints found for user ubuntu.
<14>Apr  3 11:27:52 ec2: 
<14>Apr  3 11:27:52 ec2: #############################################################
<14>Apr  3 11:27:52 ec2: -----BEGIN SSH HOST KEY FINGERPRINTS-----
<14>Apr  3 11:27:52 ec2: 1024 SHA256:BSRiCwtDMRe8GYcHSH7zYUo11r/0Y0AEfRWnOOVbxqA root@ubuntu-xenial (DSA)
<14>Apr  3 11:27:52 ec2: 256 SHA256:t5HRd+9dFoRh6MLXVR8B7b1AVExRq2XgrK0G0EPb8U0 root@ubuntu-xenial (ECDSA)
<14>Apr  3 11:27:52 ec2: 256 SHA256:SoV1+owti5JTL3e6v/DDgQ2nj2aonfS1k9WUQySYcSw root@ubuntu-xenial (ED25519)
<14>Apr  3 11:27:52 ec2: 2048 SHA256:JDY0BxGAMwI1xeS/2J/9Ajq8z5/n6isOdbXtj5I1eAI root@ubuntu-xenial (RSA)
<14>Apr  3 11:27:52 ec2: -----END SSH HOST KEY FINGERPRINTS-----
<14>Apr  3 11:27:52 ec2: #############################################################
-----BEGIN SSH HOST KEY KEYS-----
ecdsa-sha2-nistp256 AAAAE2VjZHNhLXNoYTItbmlzdHAyNTYAAAAIbmlzdHAyNTYAAABBBCHerM3e+i/xYIYc+Fk8SD5dY6N952xW2Mlu0XnBC409esKeDNhgKORcsSM18OUqvuI50J/fJlMsYQusEdHJzA0= root@ubuntu-xenial
ssh-ed25519 AAAAC3NzaC1lZDI1NTE5AAAAIByc6jLo1+PIsxjq+vlKeptbskr7YH2ufWQJm2W9xkEV root@ubuntu-xenial
ssh-rsa AAAAB3NzaC1yc2EAAAADAQABAAABAQDbKxOdmmJkdB+UewX/cgbEZXElfmqMMi876FsTCRH9G6yXzGd0Q4ZV/iVvn1ogMzASYw4/9k2s1uGyZd9zEAjbEOzNFgJFGn8eYTALNRc6cc5hA9U8GyeApjyK2ac/7ofBx+aK7LBws+JFBSeqyJ2V5ps5rg7oMwYae1V7iyXxsyc+HHPnB3WxPljRq+LuZUpQ1a51gwxUB9TUPQVj0DL4A2k/FOmgTfypALl+v78WogxPqbtcC9k6Tvcj7vdSxFXnUx9gjBn36OCxUsBngKjGINimkUEFG7n7iqGV+ccBVNwRfe3NKfcF3BLapm7byfTuIueu/0xt+B+B9UcSFdWD root@ubuntu-xenial
-----END SSH HOST KEY KEYS-----
[   34.909341] cloud-init[1297]: Cloud-init v. 17.1 running 'modules:final' at Tue, 03 Apr 2018 11:27:52 +0000. Up 34.35 seconds.
[   34.927237] cloud-init[1297]: ci-info: no authorized ssh keys fingerprints found for user ubuntu.
[   34.935631] cloud-init[1297]: Cloud-init v. 17.1 finished at Tue, 03 Apr 2018 11:27:52 +0000. Datasource DataSourceNoCloud [seed=/dev/sdb][dsmode=net].  Up 34.89 seconds
[[0;32m  OK  [0m] Started Execute cloud user/final scripts.
[[0;32m  OK  [0m] Reached target Cloud-init target.

Ubuntu 16.04.4 LTS ubuntu-xenial ttyS0

ubuntu-xenial login: 